Component: ARM Compiler 5.05 update 1 (build 106) Tool: armlink [4d0efa]

==============================================================================

Section Cross References

    startup_stm32f765xx.o(RESET) refers to startup_stm32f765xx.o(STACK) for __initial_sp
    startup_stm32f765xx.o(RESET) refers to startup_stm32f765xx.o(.text) for Reset_Handler
    startup_stm32f765xx.o(RESET) refers to stm32f7xx_it.o(i.NMI_Handler) for NMI_Handler
    startup_stm32f765xx.o(RESET) refers to stm32f7xx_it.o(i.HardFault_Handler) for HardFault_Handler
    startup_stm32f765xx.o(RESET) refers to stm32f7xx_it.o(i.MemManage_Handler) for MemManage_Handler
    startup_stm32f765xx.o(RESET) refers to stm32f7xx_it.o(i.BusFault_Handler) for BusFault_Handler
    startup_stm32f765xx.o(RESET) refers to stm32f7xx_it.o(i.UsageFault_Handler) for UsageFault_Handler
    startup_stm32f765xx.o(RESET) refers to stm32f7xx_it.o(i.DebugMon_Handler) for DebugMon_Handler
    startup_stm32f765xx.o(RESET) refers to stm32f7xx_it.o(i.SysTick_Handler) for SysTick_Handler
    startup_stm32f765xx.o(RESET) refers to stm32f7xx_it.o(i.EXTI2_IRQHandler) for EXTI2_IRQHandler
    startup_stm32f765xx.o(RESET) refers to stm32f7xx_it.o(i.EXTI9_5_IRQHandler) for EXTI9_5_IRQHandler
    startup_stm32f765xx.o(RESET) refers to stm32f7xx_it.o(i.TIM3_IRQHandler) for TIM3_IRQHandler
    startup_stm32f765xx.o(RESET) refers to stm32f7xx_it.o(i.I2C1_EV_IRQHandler) for I2C1_EV_IRQHandler
    startup_stm32f765xx.o(RESET) refers to stm32f7xx_it.o(i.I2C2_EV_IRQHandler) for I2C2_EV_IRQHandler
    startup_stm32f765xx.o(RESET) refers to stm32f7xx_it.o(i.SPI1_IRQHandler) for SPI1_IRQHandler
    startup_stm32f765xx.o(RESET) refers to stm32f7xx_it.o(i.USART2_IRQHandler) for USART2_IRQHandler
    startup_stm32f765xx.o(RESET) refers to stm32f7xx_it.o(i.USART3_IRQHandler) for USART3_IRQHandler
    startup_stm32f765xx.o(RESET) refers to stm32f7xx_it.o(i.UART4_IRQHandler) for UART4_IRQHandler
    startup_stm32f765xx.o(RESET) refers to stm32f7xx_it.o(i.DMA2_Stream0_IRQHandler) for DMA2_Stream0_IRQHandler
    startup_stm32f765xx.o(RESET) refers to stm32f7xx_it.o(i.DMA2_Stream3_IRQHandler) for DMA2_Stream3_IRQHandler
    startup_stm32f765xx.o(RESET) refers to stm32f7xx_it.o(i.ETH_IRQHandler) for ETH_IRQHandler
    startup_stm32f765xx.o(RESET) refers to stm32f7xx_it.o(i.I2C3_EV_IRQHandler) for I2C3_EV_IRQHandler
    startup_stm32f765xx.o(RESET) refers to stm32f7xx_it.o(i.I2C3_ER_IRQHandler) for I2C3_ER_IRQHandler
    startup_stm32f765xx.o(RESET) refers to stm32f7xx_it.o(i.SPI4_IRQHandler) for SPI4_IRQHandler
    startup_stm32f765xx.o(RESET) refers to stm32f7xx_it.o(i.SPI5_IRQHandler) for SPI5_IRQHandler
    startup_stm32f765xx.o(RESET) refers to stm32f7xx_it.o(i.I2C4_EV_IRQHandler) for I2C4_EV_IRQHandler
    startup_stm32f765xx.o(.text) refers to system_stm32f7xx.o(i.SystemInit) for SystemInit
    startup_stm32f765xx.o(.text) refers to entry.o(.ARM.Collect$$$$00000000) for __main
    led.o(i.HDMI_IN_LEDG) refers to stm32f7xx_hal_gpio.o(i.HAL_GPIO_WritePin) for HAL_GPIO_WritePin
    led.o(i.HDMI_OUT_LEDG) refers to stm32f7xx_hal_gpio.o(i.HAL_GPIO_WritePin) for HAL_GPIO_WritePin
    led.o(i.HDSDI_IN_LEDG) refers to stm32f7xx_hal_gpio.o(i.HAL_GPIO_WritePin) for HAL_GPIO_WritePin
    led.o(i.HDSDI_OUT_LEDG) refers to stm32f7xx_hal_gpio.o(i.HAL_GPIO_WritePin) for HAL_GPIO_WritePin
    led.o(i.Led1_Set) refers to stm32f7xx_hal_gpio.o(i.HAL_GPIO_WritePin) for HAL_GPIO_WritePin
    led.o(i.Led2_Set) refers to stm32f7xx_hal_gpio.o(i.HAL_GPIO_WritePin) for HAL_GPIO_WritePin
    led.o(i.Led_Test) refers to led.o(i.UserLEDB) for UserLEDB
    led.o(i.Led_Test) refers to led.o(.data) for .data
    led.o(i.Led_Test1) refers to led.o(i.Led1_Set) for Led1_Set
    led.o(i.Led_Test1) refers to led.o(i.Led2_Set) for Led2_Set
    led.o(i.Led_Test1) refers to led.o(.data) for .data
    led.o(i.MX_LED_Init) refers to stm32f7xx_hal_gpio.o(i.HAL_GPIO_Init) for HAL_GPIO_Init
    led.o(i.MX_LED_Init) refers to stm32f7xx_hal_gpio.o(i.HAL_GPIO_WritePin) for HAL_GPIO_WritePin
    led.o(i.MX_LED_Init) refers to led.o(.data) for .data
    led.o(i.UserLEDB) refers to stm32f7xx_hal_gpio.o(i.HAL_GPIO_WritePin) for HAL_GPIO_WritePin
    led.o(i.UserLEDR) refers to stm32f7xx_hal_gpio.o(i.HAL_GPIO_WritePin) for HAL_GPIO_WritePin
    led.o(i.led_Par_Init) refers to led.o(.data) for .data
    romflash.o(i.GetSector) refers to printf8.o(i.__0printf$8) for __2printf
    romflash.o(i.romflash_byte_write) refers to stm32f7xx_hal_flash.o(i.HAL_FLASH_Unlock) for HAL_FLASH_Unlock
    romflash.o(i.romflash_byte_write) refers to stm32f7xx_hal_flash.o(i.HAL_FLASH_Program) for HAL_FLASH_Program
    romflash.o(i.romflash_byte_write) refers to printf8.o(i.__0printf$8) for __2printf
    romflash.o(i.romflash_byte_write) refers to stm32f7xx_hal_flash.o(i.HAL_FLASH_Lock) for HAL_FLASH_Lock
    romflash.o(i.romflash_clean_pages) refers to stm32f7xx_hal_flash.o(i.HAL_FLASH_Unlock) for HAL_FLASH_Unlock
[...]
    menuItemsGetHomeMenuSize                 0x0800b6c9   Thumb Code     4  menu_items.o(i.menuItemsGetHomeMenuSize)
    menuPollButtons                          0x0800b6cd   Thumb Code   122  menu.o(i.menuPollButtons)
    menuReset                                0x0800b74d   Thumb Code    22  menu.o(i.menuReset)
    menuReset_No_RenderMenu                  0x0800b769   Thumb Code    12  menu.o(i.menuReset_No_RenderMenu)
    my_mac_int_to_char                       0x0800b779   Thumb Code    34  menu_items.o(i.my_mac_int_to_char)
    netif_add                                0x0800b7a1   Thumb Code    80  netif.o(i.netif_add)
    netif_init                               0x0800b7f5   Thumb Code     2  netif.o(i.netif_init)
    netif_set_addr                           0x0800b811   Thumb Code    72  netif.o(i.netif_set_addr)
    netif_set_default                        0x0800b859   Thumb Code     6  netif.o(i.netif_set_default)
    netif_set_down                           0x0800b865   Thumb Code    26  netif.o(i.netif_set_down)
    netif_set_gw                             0x0800b87f   Thumb Code     8  netif.o(i.netif_set_gw)
    netif_set_ipaddr                         0x0800b889   Thumb Code    52  netif.o(i.netif_set_ipaddr)
    netif_set_link_callback                  0x0800b8c1   Thumb Code     8  netif.o(i.netif_set_link_callback)
    netif_set_netmask                        0x0800b8c9   Thumb Code     8  netif.o(i.netif_set_netmask)
    netif_set_up                             0x0800b8d1   Thumb Code    28  netif.o(i.netif_set_up)
    parseGpsBuffer                           0x0800b8ed   Thumb Code   224  uart4.o(i.parseGpsBuffer)
    pbuf_alloc                               0x0800b9e9   Thumb Code   280  pbuf.o(i.pbuf_alloc)
    pbuf_cat                                 0x0800bb01   Thumb Code    40  pbuf.o(i.pbuf_cat)
    pbuf_clen                                0x0800bb29   Thumb Code    18  pbuf.o(i.pbuf_clen)
    pbuf_copy                                0x0800bb3b   Thumb Code   154  pbuf.o(i.pbuf_copy)
    pbuf_free                                0x0800bbd5   Thumb Code    82  pbuf.o(i.pbuf_free)
    pbuf_header                              0x0800bc27   Thumb Code     6  pbuf.o(i.pbuf_header)
    pbuf_realloc                             0x0800bc91   Thumb Code    84  pbuf.o(i.pbuf_realloc)
    pbuf_ref                                 0x0800bce5   Thumb Code    12  pbuf.o(i.pbuf_ref)
    pollint                                  0x0800bd45   Thumb Code   116  pollint.o(i.pollint)
    pollintTim3                              0x0800bdbd   Thumb Code    16  pollint.o(i.pollintTim3)
    pollint_GPS                              0x0800bdd1   Thumb Code    74  uart4.o(i.pollint_GPS)
    pollint_Reg_0x82                         0x0800be1b   Thumb Code    30  meau_status_list.o(i.pollint_Reg_0x82)
    pollint_Reg_0x83                         0x0800be39   Thumb Code    12  meau_status_list.o(i.pollint_Reg_0x83)
    pollint_Reg_0x84                         0x0800be49   Thumb Code    32  meau_status_list.o(i.pollint_Reg_0x84)
    pollint_Reg_0x87                         0x0800be6d   Thumb Code    28  meau_status_list.o(i.pollint_Reg_0x87)
    pollint_Reg_0x8d                         0x0800be89   Thumb Code    12  meau_status_list.o(i.pollint_Reg_0x8d)
    pollint_eth_send                         0x0800be99   Thumb Code    64  ethernetif.o(i.pollint_eth_send)
    pollint_spi_transmit                     0x0800bee1   Thumb Code    72  uart2.o(i.pollint_spi_transmit)
    powerReset                               0x0800bf31   Thumb Code    14  power.o(i.powerReset)
    remoteLwip_Par_conf                      0x0800bf55   Thumb Code    62  lwip.o(i.remoteLwip_Par_conf)
    remoteLwip_mac_conf                      0x0800bf9d   Thumb Code    60  lwip.o(i.remoteLwip_mac_conf)
    return_Reg_0x8d_num                      0x0800c0b1   Thumb Code     6  meau_status_list.o(i.return_Reg_0x8d_num)
    romflash_clean_pages                     0x0800c0bd   Thumb Code    88  romflash.o(i.romflash_clean_pages)
    romflash_dual_mode                       0x0800c169   Thumb Code    18  romflash.o(i.romflash_dual_mode)
    romflash_pages_read                      0x0800c17d   Thumb Code    24  romflash.o(i.romflash_pages_read)
    romflash_pages_write                     0x0800c195   Thumb Code    62  romflash.o(i.romflash_pages_write)
    scrollMenu                               0x0800c20d   Thumb Code   282  menu.o(i.scrollMenu)
    set_blink_flag                           0x0800c33d   Thumb Code    22  main_meau.o(i.set_blink_flag)
    set_remoteLwip_udp_link                  0x0800c359   Thumb Code    16  lwip.o(i.set_remoteLwip_udp_link)
    sys_check_timeouts                       0x0800c36d   Thumb Code    68  timeouts.o(i.sys_check_timeouts)
    sys_now                                  0x0800c3b5   Thumb Code     4  ethernetif.o(i.sys_now)
    sys_timeout                              0x0800c3b9   Thumb Code   138  timeouts.o(i.sys_timeout)
    sys_timeouts_init                        0x0800c449   Thumb Code    38  timeouts.o(i.sys_timeouts_init)
    tsMux_init                               0x0800c47d   Thumb Code    86  tsmux.o(i.tsMux_init)
    udp_bind                                 0x0800c4dd   Thumb Code   174  udp.o(i.udp_bind)
    udp_connect                              0x0800c595   Thumb Code    76  udp.o(i.udp_connect)
    udp_echoclient_connect                   0x0800c5e5   Thumb Code   116  udp_api.o(i.udp_echoclient_connect)
    udp_echoserver_receive_callback          0x0800c6b5   Thumb Code    14  udp_api.o(i.udp_echoserver_receive_callback)
    udp_init                                 0x0800c6c9   Thumb Code     2  udp.o(i.udp_init)
    udp_input                                0x0800c6cd   Thumb Code   242  udp.o(i.udp_input)
    udp_netif_ip_addr_changed                0x0800c7c9   Thumb Code    48  udp.o(i.udp_netif_ip_addr_changed)
    udp_new                                  0x0800c7fd   Thumb Code    26  udp.o(i.udp_new)
    udp_pack_init                            0x0800c819   Thumb Code   156  udp_api.o(i.udp_pack_init)
    udp_receive_callback                     0x0800c8c1   Thumb Code    14  udp_api.o(i.udp_receive_callback)
    udp_recv                                 0x0800c8d5   Thumb Code     6  udp.o(i.udp_recv)
    udp_ts_output                            0x0800c8dd   Thumb Code   142  ethernetif.o(i.udp_ts_output)
    F6x8                                     0x0800c990   Data         736  oled.o(.constdata)
    F8X16                                    0x0800cc70   Data        1520  oled.o(.constdata)
    F32X32                                   0x0800d260   Data        6080  oled.o(.constdata)
    AHBPrescTable                            0x0800ebd8   Data          16  system_stm32f7xx.o(.constdata)
    APBPrescTable                            0x0800ebe8   Data           8  system_stm32f7xx.o(.constdata)
    lwip_cyclic_timers                       0x0800ebf0   Data          16  timeouts.o(.constdata)
    ethbroadcast                             0x0800ec00   Data           6  ethernet.o(.constdata)
    ethzero                                  0x0800ec06   Data           6  ethernet.o(.constdata)
    ip_addr_any                              0x0800ec0c   Data           4  ip4_addr.o(.constdata)
    memp_UDP_PCB                             0x0800ec10   Data          16  memp.o(.constdata)
    memp_REASSDATA                           0x0800ec20   Data          16  memp.o(.constdata)
    memp_FRAG_PBUF                           0x0800ec30   Data          16  memp.o(.constdata)
    memp_SYS_TIMEOUT                         0x0800ec40   Data          16  memp.o(.constdata)
    memp_PBUF                                0x0800ec50   Data          16  memp.o(.constdata)
    memp_PBUF_POOL                           0x0800ec60   Data          16  memp.o(.constdata)
    memp_pools                               0x0800ec70   Data          24  memp.o(.constdata)
    Region$$Table$$Base                      0x0800ecd8   Number         0  anon$$obj.o(Region$$Table)
    Region$$Table$$Limit                     0x0800ecf8   Number         0  anon$$obj.o(Region$$Table)
    key_3s                                   0x20000002   Data           1  key.o(.data)
    KeyScanCode                              0x20000005   Data           1  key.o(.data)
    spi_lock                                 0x200000ca   Data           1  spi4.o(.data)
    retry_flag                               0x200000cb   Data           1  spi4.o(.data)
    jit_reg_num_1                            0x200000cc   Data           1  spi4.o(.data)
    jit_reg_num_2                            0x200000cd   Data           1  spi4.o(.data)
    config_r82_num                           0x200000ce   Data           1  spi4.o(.data)
    config_r83_num                           0x200000cf   Data           1  spi4.o(.data)
    config_r84_num                           0x200000d0   Data           1  spi4.o(.data)
    config_r87_num                           0x200000d1   Data           1  spi4.o(.data)
    config_r88_num                           0x200000d2   Data           1  spi4.o(.data)
    config_r89_num                           0x200000d3   Data           1  spi4.o(.data)
    config_r8a_num                           0x200000d4   Data           1  spi4.o(.data)
    config_r8b_num                           0x200000d5   Data           1  spi4.o(.data)
    config_r8c_num                           0x200000d6   Data           1  spi4.o(.data)
    config_r8d_num                           0x200000d7   Data           1  spi4.o(.data)
    config_r8e_num                           0x200000d8   Data           1  spi4.o(.data)
    FW_REG_ADDR                              0x200000de   Data           5  spi4.o(.data)
    fw_reg_num                               0x200000e3   Data           5  spi4.o(.data)
    Write_Data                               0x200000e8   Data          16  spi4.o(.data)
    x                                        0x200000fc   Data           1  gps_pps.o(.data)
    FiFo_Active                              0x20000102   Data           1  gps_pps.o(.data)
    FiFo_Active_cnt                          0x20000103   Data           1  gps_pps.o(.data)
    config_rw9_num                           0x20000104   Data           1  gps_pps.o(.data)
    config_rwa_num                           0x20000105   Data           1  gps_pps.o(.data)
    config_rwb_num                           0x20000106   Data           1  gps_pps.o(.data)
    config_rwc_num                           0x20000107   Data           1  gps_pps.o(.data)
    clk_drift_calc                           0x2000010c   Data           4  gps_pps.o(.data)
    SYNCHPRRDIV                              0x20000120   Data           4  rtc.o(.data)
    sdatestructure                           0x20000124   Data           4  rtc.o(.data)
    Spi_Trans_Flag                           0x2000012b   Data           1  uart2.o(.data)
    Spi_Trans_Count                          0x2000012c   Data           2  uart2.o(.data)
    Static_Display_Once                      0x20000130   Data           1  main_meau.o(.data)
    vid_link_flag                            0x20000131   Data           1  main_meau.o(.data)
    cnt_down                                 0x2000013c   Data           2  main_meau.o(.data)
    RESTORE                                  0x20000140   Data           1  meau_flash.o(.data)
    default_RESTORE                          0x20000141   Data           1  meau_flash.o(.data)
    Default_utc_offset_num                   0x20000142   Data           1  meau_flash.o(.data)
    Default_Config_Video_Output_Arr          0x20000143   Data           2  meau_flash.o(.data)
    Default_Config_Src_Mode_Arr              0x20000145   Data           2  meau_flash.o(.data)
    Default_Config_Display_Brightness_Arr    0x20000147   Data           2  meau_flash.o(.data)
    send_to_eth                              0x20000149   Data           3  meau_flash.o(.data)
    Default_Config_Video_Input_Arr           0x2000014c   Data           3  meau_flash.o(.data)
    Default_Config_Src_Clock_Type_Arr        0x2000014f   Data           3  meau_flash.o(.data)
    Default_Config_Display_Mode_Arr          0x20000152   Data           3  meau_flash.o(.data)
    Default_Ip_Arr                           0x20000155   Data           4  meau_flash.o(.data)
    Default_Mac_Arr                          0x20000159   Data           6  meau_flash.o(.data)
    Default_Config_Src_Sync_Frame_Arr        0x2000015f   Data           6  meau_flash.o(.data)
    Default_Config_Format_Arr                0x20000165   Data          17  meau_flash.o(.data)
    Default_Config_Src_Sync_Type_Arr         0x20000176   Data          12  meau_flash.o(.data)
    sw                                       0x20000185   Data           5  meau_system_list.o(.data)
    display_flag                             0x2000018c   Data           1  menu.o(.data)
    button_num                               0x2000018d   Data           1  menu.o(.data)
    utc_offset_num                           0x2000020c   Data           1  menu_items.o(.data)
    Config_Video_Output_Arr                  0x2000021e   Data           2  menu_items.o(.data)
    Config_Src_Mode_Arr                      0x20000220   Data           2  menu_items.o(.data)
    Config_Display_Brightness_Arr            0x20000222   Data           2  menu_items.o(.data)
    Config_Video_Input_Arr                   0x20000224   Data           3  menu_items.o(.data)
    Config_Src_Clock_Type_Arr                0x20000227   Data           3  menu_items.o(.data)
    Config_Display_Mode_Arr                  0x2000022a   Data           3  menu_items.o(.data)
    mac_char                                 0x2000022d   Data           3  menu_items.o(.data)
    Ip_Arr                                   0x20000230   Data           4  menu_items.o(.data)
    ip_char                                  0x20000234   Data           4  menu_items.o(.data)
    System_Feature_Arr                       0x20000238   Data           5  menu_items.o(.data)
    Mac_Arr                                  0x2000023d   Data           6  menu_items.o(.data)
    Config_Src_Sync_Frame_Arr                0x20000243   Data           6  menu_items.o(.data)
    Config_Format_Arr                        0x20000249   Data          17  menu_items.o(.data)
    Config_Src_Sync_Type_Arr                 0x2000025a   Data          12  menu_items.o(.data)
    dstpot_1                                 0x20001550   Data           1  ethernetif.o(.data)
    dstpot_2                                 0x20001551   Data           1  ethernetif.o(.data)
    Eth_Buf_Read                             0x20001552   Data           2  ethernetif.o(.data)
    Eth_Buf_Write                            0x20001554   Data           2  ethernetif.o(.data)
    EthernetLinkTimer                        0x20001558   Data           4  ethernetif.o(.data)
    MACAddr                                  0x2000155c   Data           6  ethernetif.o(.data)
    ipaddr                                   0x20001564   Data           4  lwip.o(.data)
    netmask                                  0x20001568   Data           4  lwip.o(.data)
    gw                                       0x2000156c   Data           4  lwip.o(.data)
    remoteipaddr                             0x20001570   Data           4  lwip.o(.data)
    SystemCoreClock                          0x20001574   Data           4  system_stm32f7xx.o(.data)
    destPort                                 0x2000157a   Data           2  udp_api.o(.data)
    sinkPort                                 0x2000157c   Data           2  udp_api.o(.data)
    message_count                            0x20001580   Data           4  udp_api.o(.data)
    date                                     0x20001588   Data          10  udp_api.o(.data)
    av_state                                 0x200015a5   Data           1  tsmux.o(.data)
    udp_pcbs                                 0x200053e0   Data           4  udp.o(.data)
    netif_list                               0x20005400   Data           4  netif.o(.data)
    netif_default                            0x20005404   Data           4  netif.o(.data)
    uwTick                                   0x20005428   Data           4  stm32f7xx_hal.o(.data)
    __stdout                                 0x2000542c   Data           4  stdout.o(.data)
    hi2c1                                    0x20005430   Data          76  i2c1.o(.bss)
    hi2c2                                    0x2000547c   Data          76  i2c2.o(.bss)
    hi2c3                                    0x200054c8   Data          76  i2c3.o(.bss)
    hi2c4                                    0x20005514   Data          76  i2c4.o(.bss)
    hspi1                                    0x20005560   Data         100  spi1.o(.bss)
    hdma_spi1_rx                             0x20005dd8   Data          96  spi1.o(.bss)
    hdma_spi1_tx                             0x20005e38   Data          96  spi1.o(.bss)
    Read_Data                                0x20005e98   Data          16  spi4.o(.bss)
    Null_arr                                 0x20005ea8   Data          16  spi4.o(.bss)
    hspi4                                    0x20005eb8   Data         100  spi4.o(.bss)
    hspi5                                    0x20005f1c   Data         100  spi5.o(.bss)
    huart3                                   0x20006f94   Data         112  uart3.o(.bss)
    Delay_Arr                                0x2000741c   Data         512  gps_pps.o(.bss)
    Average_Arr                              0x2000761c   Data         512  gps_pps.o(.bss)
    hiwdg                                    0x2000781c   Data          16  iwdg.o(.bss)
    hrtc                                     0x2000782c   Data          32  rtc.o(.bss)
    stimestructure                           0x2000784c   Data          24  rtc.o(.bss)
    huart4                                   0x20007864   Data         112  uart4.o(.bss)
    Save_Data                                0x200078d4   Data          52  uart4.o(.bss)
    huart2                                   0x20007b20   Data         112  uart2.o(.bss)
    Display_Line_16                          0x20007bcc   Data          80  main_meau.o(.bss)
    Display_Line_12                          0x20007c1c   Data         160  main_meau.o(.bss)
    User_Arr                                 0x20007cbc   Data         256  meau_flash.o(.bss)
    version_char                             0x20007dbc   Data          10  meau_system_list.o(.bss)
    Eth_Buf                                  0x20007dc8   Data         768  ethernetif.o(.bss)
    DMARxDscrTab                             0x200080c8   Data         128  ethernetif.o(.bss)
    DMATxDscrTab                             0x20008148   Data         128  ethernetif.o(.bss)
    Rx_Buff                                  0x200081c8   Data        6096  ethernetif.o(.bss)
    Tx_Buff                                  0x20009998   Data        6096  ethernetif.o(.bss)
    heth                                     0x2000b168   Data          72  ethernetif.o(.bss)
    gnetif                                   0x2000b1b0   Data          52  lwip.o(.bss)
    netif_par                                0x2000b1e4   Data          20  lwip.o(.bss)
    netif_remote_par                         0x2000b1f8   Data          14  lwip.o(.bss)
    htim3                                    0x2000b220   Data          64  pollint.o(.bss)
    mPortBuf                                 0x2000b260   Data          16  udp_api.o(.bss)
    netUdpPack                               0x2000b270   Data        1358  udp_api.o(.bss)
    flash_ip_par                             0x2000b7fe   Data          20  config_env.o(.bss)
    flash_remoteip_par                       0x2000b812   Data          14  config_env.o(.bss)
    FactoryReg                               0x2000b820   Data         512  config_env.o(.bss)
    UserReg                                  0x2000ba20   Data         512  config_env.o(.bss)
    FPGADatBuf                               0x2000bc20   Data         256  config_env.o(.bss)
    ram_heap                                 0x2000beb0   Data        1619  mem.o(.bss)
    ip_data                                  0x2000c5f4   Data          24  ip.o(.bss)
    memp_memory_UDP_PCB_base                 0x2000c60c   Data         515  memp.o(.bss)
    memp_memory_REASSDATA_base               0x2000c80f   Data         163  memp.o(.bss)
    memp_memory_FRAG_PBUF_base               0x2000c8b2   Data         363  memp.o(.bss)
    memp_memory_SYS_TIMEOUT_base             0x2000ca1d   Data          35  memp.o(.bss)
    memp_memory_PBUF_base                    0x2000ca40   Data         259  memp.o(.bss)
    memp_memory_PBUF_POOL_base               0x2000cb43   Data       25859  memp.o(.bss)
    pFlash                                   0x20013048   Data          28  stm32f7xx_hal_flash.o(.bss)
    __initial_sp                             0x20013468   Data           0  startup_stm32f765xx.o(STACK)



==============================================================================

Memory Map of the image

  Image Entry point : 0x080001f9

  Load Region LR_IROM1 (Base: 0x08000000, Size: 0x00014128, Max: 0x00200000, ABSOLUTE, COMPRESSED[0x0001305c])

    Execution Region ER_IROM1 (Base: 0x08000000, Size: 0x0000ecf8, Max: 0x00200000, ABSOLUTE)

    Base Addr    Size         Type   Attr      Idx    E Section Name        Object

    0x08000000   0x000001f8   Data   RO            3    RESET               startup_stm32f765xx.o
    0x080001f8   0x00000000   Code   RO         1863  * .ARM.Collect$$$$00000000  mc_w.l(entry.o)
    0x080001f8   0x00000004   Code   RO         2010    .ARM.Collect$$$$00000001  mc_w.l(entry2.o)
    0x080001fc   0x00000004   Code   RO         2013    .ARM.Collect$$$$00000004  mc_w.l(entry5.o)
    0x08000200   0x00000000   Code   RO         2015    .ARM.Collect$$$$00000008  mc_w.l(entry7b.o)
    0x08000200   0x00000000   Code   RO         2017    .ARM.Collect$$$$0000000A  mc_w.l(entry8b.o)
    0x08000200   0x00000008   Code   RO         2018    .ARM.Collect$$$$0000000B  mc_w.l(entry9a.o)
    0x08000208   0x00000000   Code   RO         2020    .ARM.Collect$$$$0000000D  mc_w.l(entry10a.o)
    0x08000208   0x00000000   Code   RO         2022    .ARM.Collect$$$$0000000F  mc_w.l(entry11a.o)
    0x08000208   0x00000004   Code   RO         2011    .ARM.Collect$$$$00002712  mc_w.l(entry2.o)
    0x0800020c   0x00000024   Code   RO            4    .text               startup_stm32f765xx.o
    0x08000230   0x00000020   Code   RO         1867    .text               mc_w.l(llushr.o)
    0x08000250   0x00000040   Code   RO         1869    .text               mc_w.l(memmovea.o)
    0x08000290   0x00000024   Code   RO         1870    .text               mc_w.l(memseta.o)
    0x080002b4   0x00000018   Code   RO         1871    .text               mc_w.l(strcat.o)
    0x080002cc   0x00000024   Code   RO         1872    .text               mc_w.l(strstr.o)
    0x080002f0   0x0000000e   Code   RO         1873    .text               mc_w.l(strlen.o)
    0x080002fe   0x0000001a   Code   RO         1874    .text               mc_w.l(memcmp.o)
    0x08000318   0x00000028   Code   RO         1875    .text               mc_w.l(strncat.o)
    0x08000340   0x00000062   Code   RO         2026    .text               mc_w.l(uldiv.o)
    0x080003a2   0x00000002   PAD
    0x080003a4   0x00000024   Code   RO         2033    .text               mc_w.l(init.o)
    0x080003c8   0x0000001e   Code   RO         2034    .text               mc_w.l(llshl.o)
    0x080003e6   0x00000002   Code   RO          492    i.BusFault_Handler  stm32f7xx_it.o
    0x080003e8   0x00000018   Code   RO          531    i.ChangeTimeCount_OK  pollint.o
    0x08000400   0x00000020   Data   RO          615    .ARM.__AT_0x08000400  mboot.o
    0x08000420   0x0000005e   Code   RO         2042    .text               mc_w.l(__dclz77c.o)
    0x0800047e   0x00000002   PAD
    0x08000480   0x0000014c   Code   RO          362    i.Arr_Init          menu_items.o
    0x080005cc   0x00000160   Code   RO          363    i.Arr_Update        menu_items.o
    0x0800072c   0x00000074   Code   RO          418    i.CPU_CACHE_Enable  main.o
    0x080007a0   0x00000048   Code   RO          530    i.ChangeTime1mSec   pollint.o
    0x080007e8   0x00000048   Code   RO          532    i.ChangeTimeUs      pollint.o
    0x08000830   0x00000008   Code   RO          565    i.ClearAllEvent     eventmanage.o
    0x08000838   0x00000034   Code   RO          364    i.Config_Display_Brightness_ActionCallback  menu_items.o
    0x0800086c   0x000000a0   Code   RO          365    i.Config_Display_Brightness_ActionCallbackRender  menu_items.o
    0x0800090c   0x00000034   Code   RO          366    i.Config_Display_Mode_ActionCallback  menu_items.o
    0x08000940   0x00000078   Code   RO          367    i.Config_Display_Mode_ActionCallbackRender  menu_items.o
    0x080009b8   0x00000034   Code   RO          368    i.Config_Format_ActionCallback  menu_items.o
    0x080009ec   0x00000084   Code   RO          369    i.Config_Format_ActionCallbackRender  menu_items.o
    0x08000a70   0x00000104   Code   RO          370    i.Config_GPS_ActionCallback  menu_items.o
    0x08000b74   0x00000054   Code   RO          371    i.Config_GPS_ActionCallbackRender  menu_items.o
    0x08000bc8   0x000000fc   Code   RO          372    i.Config_Network_IP_ActionCallback  menu_items.o
    0x08000cc4   0x00000024   Code   RO          373    i.Config_Network_IP_ActionCallbackRender  menu_items.o
    0x08000ce8   0x000000d8   Code   RO          374    i.Config_Network_MAC_ActionCallback  menu_items.o
    0x08000dc0   0x00000024   Code   RO          375    i.Config_Network_MAC_ActionCallbackRender  menu_items.o
    0x08000de4   0x00000034   Code   RO          376    i.Config_SRC_Clock_Type_ActionCallback  menu_items.o
    0x08000e18   0x00000084   Code   RO          377    i.Config_SRC_Clock_Type_ActionCallbackRender  menu_items.o
    0x08000e9c   0x00000034   Code   RO          378    i.Config_SRC_Mode_ActionCallback  menu_items.o
    0x08000ed0   0x00000084   Code   RO          379    i.Config_SRC_Mode_ActionCallbackRender  menu_items.o
    0x08000f54   0x00000034   Code   RO          380    i.Config_SRC_Sync_Frame_ActionCallback  menu_items.o
    0x08000f88   0x00000084   Code   RO          381    i.Config_SRC_Sync_Frame_ActionCallbackRender  menu_items.o
    0x0800100c   0x00000034   Code   RO          382    i.Config_SRC_Sync_Type_ActionCallback  menu_items.o
    0x08001040   0x00000084   Code   RO          383    i.Config_SRC_Sync_Type_ActionCallbackRender  menu_items.o
    0x080010c4   0x0000004c   Code   RO          384    i.Config_Video_Input_ActionCallback  menu_items.o
    0x08001110   0x0000009c   Code   RO          385    i.Config_Video_Input_ActionCallbackRender  menu_items.o
    0x080011ac   0x0000004c   Code   RO          386    i.Config_Video_Output_ActionCallback  menu_items.o
    0x080011f8   0x00000090   Code   RO          387    i.Config_Video_Output_ActionCallbackRender  menu_items.o
    0x08001288   0x0000000c   Code   RO          493    i.DMA2_Stream0_IRQHandler  stm32f7xx_it.o
    0x08001294   0x0000000c   Code   RO          494    i.DMA2_Stream3_IRQHandler  stm32f7xx_it.o
    0x080012a0   0x00000028   Code   RO         1090    i.DMA_CalcBaseAndBitshift  stm32f7xx_hal_dma.o
    0x080012c8   0x00000054   Code   RO         1091    i.DMA_CheckFifoParam  stm32f7xx_hal_dma.o
    0x0800131c   0x00000028   Code   RO         1092    i.DMA_SetConfig     stm32f7xx_hal_dma.o
    0x08001344   0x00000002   Code   RO          495    i.DebugMon_Handler  stm32f7xx_it.o
    0x08001346   0x00000002   PAD
    0x08001348   0x000000c8   Code   RO          138    i.Decode_OK         uart3.o
    0x08001410   0x00000024   Code   RO          314    i.Display_Audio_Format  meau_status_list.o
    0x08001434   0x00000068   Code   RO          315    i.Display_Error_Status  meau_status_list.o
    0x0800149c   0x00000084   Code   RO          316    i.Display_Ethernet_Status  meau_status_list.o
    0x08001520   0x00000098   Code   RO          331    i.Display_Version   meau_system_list.o
    0x080015b8   0x000003fc   Code   RO          317    i.Display_Video_Format  meau_status_list.o
    0x080019b4   0x0000002c   Code   RO          587    i.DownloadConfig    config_env.o
    0x080019e0   0x00000050   Code   RO          609    i.DownloadProgram   mboot.o
    0x08001a30   0x0000009c   Code   RO          249    i.Dsp_interface     main_meau.o
    0x08001acc   0x0000002e   Code   RO         1320    i.ETH_FlushTransmitFIFO  stm32f7xx_hal_eth.o
    0x08001afa   0x00000002   PAD
    0x08001afc   0x0000000c   Code   RO          496    i.ETH_IRQHandler    stm32f7xx_it.o
    0x08001b08   0x00000124   Code   RO         1321    i.ETH_MACDMAConfig  stm32f7xx_hal_eth.o
    0x08001c2c   0x00000006   Code   RO          497    i.EXTI2_IRQHandler  stm32f7xx_it.o
    0x08001c32   0x00000006   Code   RO          498    i.EXTI9_5_IRQHandler  stm32f7xx_it.o
    0x08001c38   0x00000068   Code   RO          271    i.En_Or_Dis_UpData  meau_flash.o
    0x08001ca0   0x00000010   Code   RO          427    i.Eth_Send_api      ethernetif.o
    0x08001cb0   0x00000060   Code   RO          566    i.EventRdWri        eventmanage.o
    0x08001d10   0x0000009c   Code   RO          388    i.Exit2MainMenu_ActionCallback  menu_items.o
    0x08001dac   0x0000001a   Code   RO          389    i.Exit2MainMenu_ActionCallbackRender  menu_items.o
    0x08001dc6   0x00000002   PAD
    0x08001dc8   0x0000009c   Code   RO          390    i.Exit_ActionCallback  menu_items.o
    0x08001e64   0x00000014   Code   RO          391    i.Exit_ActionCallbackRender  menu_items.o
    0x08001e78   0x0000005c   Code   RO         1309    i.FLASH_Erase_Sector  stm32f7xx_hal_flash_ex.o
    0x08001ed4   0x00000044   Code   RO         1310    i.FLASH_MassErase   stm32f7xx_hal_flash_ex.o
    0x08001f18   0x00000014   Code   RO         1312    i.FLASH_OB_GetBootAddress  stm32f7xx_hal_flash_ex.o
    0x08001f2c   0x00000024   Code   RO         1470    i.FLASH_Program_Byte  stm32f7xx_hal_flash.o
    0x08001f50   0x0000002c   Code   RO         1471    i.FLASH_Program_DoubleWord  stm32f7xx_hal_flash.o
    0x08001f7c   0x00000028   Code   RO         1472    i.FLASH_Program_HalfWord  stm32f7xx_hal_flash.o
    0x08001fa4   0x00000028   Code   RO         1473    i.FLASH_Program_Word  stm32f7xx_hal_flash.o
    0x08001fcc   0x00000058   Code   RO         1474    i.FLASH_SetErrorCode  stm32f7xx_hal_flash.o
    0x08002024   0x00000054   Code   RO         1475    i.FLASH_WaitForLastOperation  stm32f7xx_hal_flash.o
    0x08002078   0x00000034   Code   RO          160    i.GPS_PPS_Init      gps_pps.o
    0x080020ac   0x00000100   Code   RO          161    i.GPS_PPS_Interrupt  gps_pps.o
    0x080021ac   0x000000e4   Code   RO           34    i.GetKey            key.o
    0x08002290   0x000000b0   Code   RO           24    i.GetSector         romflash.o
    0x08002340   0x0000000c   Code   RO          576    i.GetWorkMode       power.o
    0x0800234c   0x00000014   Code   RO          272    i.Get_Config_Display_Brightness  meau_flash.o
    0x08002360   0x0000001c   Code   RO          273    i.Get_Config_Display_mode  meau_flash.o
    0x0800237c   0x0000001c   Code   RO          274    i.Get_Config_Format  meau_flash.o
    0x08002398   0x0000001c   Code   RO          275    i.Get_Config_SRC_clocktype  meau_flash.o
    0x080023b4   0x0000001c   Code   RO          276    i.Get_Config_SRC_syncframe  meau_flash.o
    0x080023d0   0x0000001c   Code   RO          277    i.Get_Config_SRC_synctype  meau_flash.o
    0x080023ec   0x0000001c   Code   RO          278    i.Get_Config_Video_Input  meau_flash.o
    0x08002408   0x0000001c   Code   RO          279    i.Get_Config_Video_Output  meau_flash.o
    0x08002424   0x00000010   Code   RO           79    i.Get_FW            spi4.o
    0x08002434   0x00000014   Code   RO          280    i.Get_GPS_Display_Status  meau_flash.o
    0x08002448   0x00000080   Code   RO          332    i.Get_HW            meau_system_list.o
    0x080024c8   0x0000000c   Code   RO          281    i.Get_IP_Fragment   meau_flash.o
    0x080024d4   0x0000002c   Code   RO           80    i.Get_Jit_Reg_1     spi4.o
    0x08002500   0x0000002c   Code   RO           81    i.Get_Jit_Reg_2     spi4.o
    0x0800252c   0x0000000c   Code   RO          250    i.Get_Key_Feature_Flag  main_meau.o
    0x08002538   0x0000000c   Code   RO          282    i.Get_MAC_Fragment  meau_flash.o
    0x08002544   0x00000050   Code   RO          208    i.Get_RTC_clk       rtc.o
    0x08002594   0x0000002c   Code   RO           82    i.Get_Reg_0x82      spi4.o
    0x080025c0   0x0000002c   Code   RO           83    i.Get_Reg_0x83      spi4.o
    0x080025ec   0x0000002c   Code   RO           84    i.Get_Reg_0x84      spi4.o
    0x08002618   0x0000002c   Code   RO           85    i.Get_Reg_0x87      spi4.o
    0x08002644   0x0000002c   Code   RO           86    i.Get_Reg_0x88      spi4.o
    0x08002670   0x0000002c   Code   RO           87    i.Get_Reg_0x89      spi4.o
    0x0800269c   0x0000002c   Code   RO           88    i.Get_Reg_0x8a      spi4.o
    0x080026c8   0x0000002c   Code   RO           89    i.Get_Reg_0x8b      spi4.o
    0x080026f4   0x0000002c   Code   RO           90    i.Get_Reg_0x8c      spi4.o
    0x08002720   0x0000002c   Code   RO           91    i.Get_Reg_0x8d      spi4.o
    0x0800274c   0x0000002c   Code   RO           92    i.Get_Reg_0x8e      spi4.o
    0x08002778   0x0000000c   Code   RO           93    i.Get_Retry_SPI4_Flag  spi4.o
    0x08002784   0x00000014   Code   RO          283    i.Get_SRC_MODE      meau_flash.o
    0x08002798   0x00000008   Code   RO          333    i.Get_SW            meau_system_list.o
    0x080027a0   0x0000000c   Code   RO          163    i.Get_Send_Dirft_Flag  gps_pps.o
    0x080027ac   0x0000000c   Code   RO          284    i.Get_Status        meau_flash.o
    0x080027b8   0x000000b4   Code   RO          222    i.Get_UTCTime       uart4.o
    0x0800286c   0x0000000c   Code   RO          285    i.Get_UTCoffset_Num  meau_flash.o
    0x08002878   0x0000000c   Code   RO          286    i.Get_Update_Flash_Flag  meau_flash.o
    0x08002884   0x0000000c   Code   RO          223    i.Get_gps_value     uart4.o
    0x08002890   0x00000024   Code   RO         1094    i.HAL_DMA_Abort_IT  stm32f7xx_hal_dma.o
    0x080028b4   0x000001a8   Code   RO         1098    i.HAL_DMA_IRQHandler  stm32f7xx_hal_dma.o
    0x08002a5c   0x000000e4   Code   RO         1099    i.HAL_DMA_Init      stm32f7xx_hal_dma.o
    0x08002b40   0x0000007a   Code   RO         1103    i.HAL_DMA_Start_IT  stm32f7xx_hal_dma.o
    0x08002bba   0x00000016   Code   RO         1116    i.HAL_Delay         stm32f7xx_hal.o
    0x08002bd0   0x00000144   Code   RO         1323    i.HAL_ETH_ConfigMAC  stm32f7xx_hal_eth.o
    0x08002d14   0x00000074   Code   RO         1324    i.HAL_ETH_DMARxDescListInit  stm32f7xx_hal_eth.o
    0x08002d88   0x00000084   Code   RO         1325    i.HAL_ETH_DMATxDescListInit  stm32f7xx_hal_eth.o
    0x08002e0c   0x00000020   Code   RO          428    i.HAL_ETH_ErrorCallback  ethernetif.o
    0x08002e2c   0x0000008c   Code   RO         1329    i.HAL_ETH_GetReceivedFrame_IT  stm32f7xx_hal_eth.o
    0x08002eb8   0x00000094   Code   RO         1331    i.HAL_ETH_IRQHandler  stm32f7xx_hal_eth.o
    0x08002f4c   0x00000260   Code   RO         1332    i.HAL_ETH_Init      stm32f7xx_hal_eth.o
    0x080031ac   0x0000009c   Code   RO          430    i.HAL_ETH_MspInit   ethernetif.o
    0x08003248   0x00000086   Code   RO         1335    i.HAL_ETH_ReadPHYRegister  stm32f7xx_hal_eth.o
    0x080032ce   0x00000004   Code   RO          431    i.HAL_ETH_RxCpltCallback  ethernetif.o
    0x080032d2   0x00000084   Code   RO         1337    i.HAL_ETH_Start     stm32f7xx_hal_eth.o
    0x08003356   0x00000084   Code   RO         1338    i.HAL_ETH_Stop      stm32f7xx_hal_eth.o
    0x080033da   0x00000112   Code   RO         1339    i.HAL_ETH_TransmitFrame  stm32f7xx_hal_eth.o
    0x080034ec   0x00000024   Code   RO          432    i.HAL_ETH_TxCpltCallback  ethernetif.o
    0x08003510   0x0000007a   Code   RO         1341    i.HAL_ETH_WritePHYRegister  stm32f7xx_hal_eth.o
    0x0800358a   0x00000002   PAD
    0x0800358c   0x000000a8   Code   RO         1313    i.HAL_FLASHEx_Erase  stm32f7xx_hal_flash_ex.o
    0x08003634   0x00000054   Code   RO         1315    i.HAL_FLASHEx_OBGetConfig  stm32f7xx_hal_flash_ex.o
    0x08003688   0x00000014   Code   RO         1479    i.HAL_FLASH_Lock    stm32f7xx_hal_flash.o
    0x0800369c   0x00000028   Code   RO         1482    i.HAL_FLASH_OB_Unlock  stm32f7xx_hal_flash.o
    0x080036c4   0x00000084   Code   RO         1484    i.HAL_FLASH_Program  stm32f7xx_hal_flash.o
    0x08003748   0x00000028   Code   RO         1486    i.HAL_FLASH_Unlock  stm32f7xx_hal_flash.o
    0x08003770   0x00000012   Code   RO          166    i.HAL_GPIO_EXTI_Callback  gps_pps.o
    0x08003782   0x00000002   PAD
    0x08003784   0x00000018   Code   RO         1461    i.HAL_GPIO_EXTI_IRQHandler  stm32f7xx_hal_gpio.o
    0x0800379c   0x000001d8   Code   RO         1462    i.HAL_GPIO_Init     stm32f7xx_hal_gpio.o
    0x08003974   0x0000000a   Code   RO         1464    i.HAL_GPIO_ReadPin  stm32f7xx_hal_gpio.o
    0x0800397e   0x0000000a   Code   RO         1466    i.HAL_GPIO_WritePin  stm32f7xx_hal_gpio.o
    0x08003988   0x0000000c   Code   RO         1126    i.HAL_GetTick       stm32f7xx_hal.o
    0x08003994   0x00000002   Code   RO         1211    i.HAL_I2C_AbortCpltCallback  stm32f7xx_hal_i2c.o
    0x08003996   0x00000002   Code   RO         1212    i.HAL_I2C_AddrCallback  stm32f7xx_hal_i2c.o
    0x08003998   0x00000062   Code   RO         1215    i.HAL_I2C_ER_IRQHandler  stm32f7xx_hal_i2c.o
    0x080039fa   0x00000010   Code   RO         1216    i.HAL_I2C_EV_IRQHandler  stm32f7xx_hal_i2c.o
    0x08003a0a   0x00000002   Code   RO         1218    i.HAL_I2C_ErrorCallback  stm32f7xx_hal_i2c.o
    0x08003a0c   0x00000002   Code   RO         1224    i.HAL_I2C_ListenCpltCallback  stm32f7xx_hal_i2c.o
    0x08003a0e   0x00000002   Code   RO         1246    i.HAL_I2C_SlaveRxCpltCallback  stm32f7xx_hal_i2c.o
    0x08003a10   0x00000002   Code   RO         1247    i.HAL_I2C_SlaveTxCpltCallback  stm32f7xx_hal_i2c.o
    0x08003a12   0x00000002   PAD
    0x08003a14   0x0000005e   Code   RO         1634    i.HAL_IWDG_Init     stm32f7xx_hal_iwdg.o
    0x08003a72   0x0000000c   Code   RO         1635    i.HAL_IWDG_Refresh  stm32f7xx_hal_iwdg.o
    0x08003a7e   0x00000002   PAD
    0x08003a80   0x00000010   Code   RO         1130    i.HAL_IncTick       stm32f7xx_hal.o
    0x08003a90   0x00000016   Code   RO         1131    i.HAL_Init          stm32f7xx_hal.o
    0x08003aa6   0x00000002   PAD
    0x08003aa8   0x00000028   Code   RO         1132    i.HAL_InitTick      stm32f7xx_hal.o
    0x08003ad0   0x00000058   Code   RO          480    i.HAL_MspInit       stm32f7xx_hal_msp.o
    0x08003b28   0x00000016   Code   RO         1292    i.HAL_NVIC_EnableIRQ  stm32f7xx_hal_cortex.o
    0x08003b3e   0x00000002   PAD
    0x08003b40   0x00000040   Code   RO         1298    i.HAL_NVIC_SetPriority  stm32f7xx_hal_cortex.o
    0x08003b80   0x00000024   Code   RO         1299    i.HAL_NVIC_SetPriorityGrouping  stm32f7xx_hal_cortex.o
    0x08003ba4   0x0000006c   Code   RO         1205    i.HAL_PWREx_EnableOverDrive  stm32f7xx_hal_pwr_ex.o
    0x08003c10   0x0000053c   Code   RO         1493    i.HAL_RCCEx_PeriphCLKConfig  stm32f7xx_hal_rcc_ex.o
    0x0800414c   0x00000114   Code   RO         1054    i.HAL_RCC_ClockConfig  stm32f7xx_hal_rcc.o
    0x08004260   0x0000000c   Code   RO         1059    i.HAL_RCC_GetHCLKFreq  stm32f7xx_hal_rcc.o
    0x0800426c   0x00000020   Code   RO         1061    i.HAL_RCC_GetPCLK1Freq  stm32f7xx_hal_rcc.o
    0x0800428c   0x00000020   Code   RO         1062    i.HAL_RCC_GetPCLK2Freq  stm32f7xx_hal_rcc.o
    0x080042ac   0x00000060   Code   RO         1063    i.HAL_RCC_GetSysClockFreq  stm32f7xx_hal_rcc.o
    0x0800430c   0x0000033c   Code   RO         1066    i.HAL_RCC_OscConfig  stm32f7xx_hal_rcc.o
    0x08004648   0x0000000a   Code   RO         1663    i.HAL_RTCEx_BKUPRead  stm32f7xx_hal_rtc_ex.o
    0x08004652   0x0000000a   Code   RO         1664    i.HAL_RTCEx_BKUPWrite  stm32f7xx_hal_rtc_ex.o
    0x0800465c   0x00000048   Code   RO         1644    i.HAL_RTC_GetDate   stm32f7xx_hal_rtc.o
    0x080046a4   0x0000005c   Code   RO         1646    i.HAL_RTC_GetTime   stm32f7xx_hal_rtc.o
    0x08004700   0x000000c8   Code   RO         1647    i.HAL_RTC_Init      stm32f7xx_hal_rtc.o
    0x080047c8   0x0000001c   Code   RO          482    i.HAL_RTC_MspInit   stm32f7xx_hal_msp.o
    0x080047e4   0x00000186   Code   RO         1651    i.HAL_RTC_SetAlarm  stm32f7xx_hal_rtc.o
    0x0800496a   0x00000002   PAD
    0x0800496c   0x000000d4   Code   RO         1653    i.HAL_RTC_SetDate   stm32f7xx_hal_rtc.o
    0x08004a40   0x000000f4   Code   RO         1654    i.HAL_RTC_SetTime   stm32f7xx_hal_rtc.o
    0x08004b34   0x00000036   Code   RO         1655    i.HAL_RTC_WaitForSynchro  stm32f7xx_hal_rtc.o
    0x08004b6a   0x00000002   Code   RO          119    i.HAL_SPI_ErrorCallback  spi5.o
    0x08004b6c   0x000000d8   Code   RO         1555    i.HAL_SPI_IRQHandler  stm32f7xx_hal_spi.o
    0x08004c44   0x000000c4   Code   RO         1556    i.HAL_SPI_Init      stm32f7xx_hal_spi.o
    0x08004d08   0x0000022c   Code   RO          484    i.HAL_SPI_MspInit   stm32f7xx_hal_msp.o
    0x08004f34   0x000000c0   Code   RO         1561    i.HAL_SPI_Receive_IT  stm32f7xx_hal_spi.o
    0x08004ff4   0x0000002c   Code   RO          154    i.HAL_SPI_RxCpltCallback  spi_common.o
    0x08005020   0x000000c8   Code   RO         1567    i.HAL_SPI_TransmitReceive_IT  stm32f7xx_hal_spi.o
    0x080050e8   0x00000104   Code   RO         1568    i.HAL_SPI_Transmit_DMA  stm32f7xx_hal_spi.o
    0x080051ec   0x00000094   Code   RO         1569    i.HAL_SPI_Transmit_IT  stm32f7xx_hal_spi.o
    0x08005280   0x0000002c   Code   RO          155    i.HAL_SPI_TxCpltCallback  spi_common.o
    0x080052ac   0x00000002   Code   RO         1571    i.HAL_SPI_TxHalfCpltCallback  stm32f7xx_hal_spi.o
    0x080052ae   0x00000002   PAD
    0x080052b0   0x0000003c   Code   RO          156    i.HAL_SPI_TxRxCpltCallback  spi_common.o
    0x080052ec   0x00000018   Code   RO         1301    i.HAL_SYSTICK_CLKSourceConfig  stm32f7xx_hal_cortex.o
    0x08005304   0x00000002   Code   RO         1302    i.HAL_SYSTICK_Callback  stm32f7xx_hal_cortex.o
    0x08005306   0x00000026   Code   RO         1303    i.HAL_SYSTICK_Config  stm32f7xx_hal_cortex.o
    0x0800532c   0x00000008   Code   RO         1304    i.HAL_SYSTICK_IRQHandler  stm32f7xx_hal_cortex.o
    0x08005334   0x00000002   Code   RO         1148    i.HAL_TIMEx_BreakCallback  stm32f7xx_hal_tim_ex.o
    0x08005336   0x00000002   Code   RO         1149    i.HAL_TIMEx_CommutationCallback  stm32f7xx_hal_tim_ex.o
    0x08005338   0x00000036   Code   RO         1354    i.HAL_TIM_Base_Init  stm32f7xx_hal_tim.o
    0x0800536e   0x00000002   PAD
    0x08005370   0x0000003c   Code   RO          486    i.HAL_TIM_Base_MspInit  stm32f7xx_hal_msp.o
    0x080053ac   0x00000018   Code   RO         1359    i.HAL_TIM_Base_Start_IT  stm32f7xx_hal_tim.o
    0x080053c4   0x00000002   Code   RO         1383    i.HAL_TIM_IC_CaptureCallback  stm32f7xx_hal_tim.o
    0x080053c6   0x0000017e   Code   RO         1396    i.HAL_TIM_IRQHandler  stm32f7xx_hal_tim.o
    0x08005544   0x00000002   Code   RO         1399    i.HAL_TIM_OC_DelayElapsedCallback  stm32f7xx_hal_tim.o
    0x08005546   0x00000002   Code   RO         1426    i.HAL_TIM_PWM_PulseFinishedCallback  stm32f7xx_hal_tim.o
    0x08005548   0x00000002   Code   RO          533    i.HAL_TIM_PeriodElapsedCallback  pollint.o
    0x0800554a   0x00000002   Code   RO         1437    i.HAL_TIM_TriggerCallback  stm32f7xx_hal_tim.o
    0x0800554c   0x00000002   Code   RO         1512    i.HAL_UART_ErrorCallback  stm32f7xx_hal_uart.o
    0x0800554e   0x00000002   PAD
    0x08005550   0x00000178   Code   RO         1515    i.HAL_UART_IRQHandler  stm32f7xx_hal_uart.o
    0x080056c8   0x0000006a   Code   RO         1516    i.HAL_UART_Init     stm32f7xx_hal_uart.o
    0x08005732   0x00000002   PAD
    0x08005734   0x000000d0   Code   RO          488    i.HAL_UART_MspInit  stm32f7xx_hal_msp.o
    0x08005804   0x0000008e   Code   RO         1521    i.HAL_UART_Receive_IT  stm32f7xx_hal_uart.o
    0x08005892   0x00000002   PAD
    0x08005894   0x00000060   Code   RO          139    i.HAL_UART_RxCpltCallback  uart3.o
    0x080058f4   0x00000042   Code   RO         1526    i.HAL_UART_Transmit_IT  stm32f7xx_hal_uart.o
    0x08005936   0x00000002   PAD
    0x08005938   0x00000058   Code   RO          140    i.HAL_UART_TxCpltCallback  uart3.o
    0x08005990   0x00000018   Code   RO            9    i.HDMI_OUT_LEDG     led.o
    0x080059a8   0x00000018   Code   RO           10    i.HDSDI_IN_LEDG     led.o
    0x080059c0   0x00000002   Code   RO          499    i.HardFault_Handler  stm32f7xx_it.o
    0x080059c2   0x00000056   Code   RO          419    i.HardWare_Init     main.o
    0x08005a18   0x0000000c   Code   RO          500    i.I2C1_EV_IRQHandler  stm32f7xx_it.o
    0x08005a24   0x0000000c   Code   RO          501    i.I2C2_EV_IRQHandler  stm32f7xx_it.o
    0x08005a30   0x0000000c   Code   RO          502    i.I2C3_ER_IRQHandler  stm32f7xx_it.o
    0x08005a3c   0x0000000c   Code   RO          503    i.I2C3_EV_IRQHandler  stm32f7xx_it.o
    0x08005a48   0x0000000c   Code   RO          504    i.I2C4_EV_IRQHandler  stm32f7xx_it.o
    0x08005a54   0x00000032   Code   RO         1256    i.I2C_DMAAbort      stm32f7xx_hal_i2c.o
    0x08005a86   0x00000058   Code   RO         1262    i.I2C_Disable_IRQ   stm32f7xx_hal_i2c.o
    0x08005ade   0x00000022   Code   RO         1264    i.I2C_Flush_TXDR    stm32f7xx_hal_i2c.o
    0x08005b00   0x00000088   Code   RO         1265    i.I2C_ITAddrCplt    stm32f7xx_hal_i2c.o
    0x08005b88   0x000000e0   Code   RO         1266    i.I2C_ITError       stm32f7xx_hal_i2c.o
    0x08005c68   0x00000060   Code   RO         1267    i.I2C_ITListenCplt  stm32f7xx_hal_i2c.o
    0x08005cc8   0x000000f0   Code   RO         1270    i.I2C_ITSlaveCplt   stm32f7xx_hal_i2c.o
    0x08005db8   0x00000054   Code   RO         1271    i.I2C_ITSlaveSequentialCplt  stm32f7xx_hal_i2c.o
    0x08005e0c   0x00000114   Code   RO         1278    i.I2C_Slave_ISR_IT  stm32f7xx_hal_i2c.o
    0x08005f20   0x0000000c   Code   RO          179    i.IWDG_Refresh      iwdg.o
    0x08005f2c   0x00000010   Code   RO          820    i.Inc_ip_id         ip4.o
    0x08005f3c   0x0000003c   Code   RO          433    i.KSZ8401RNL_RESET  ethernetif.o
    0x08005f78   0x0000005c   Code   RO          434    i.Link_Callback     ethernetif.o
    0x08005fd4   0x000000f0   Code   RO          455    i.Lwip_Par_conf     lwip.o
    0x080060c4   0x0000004c   Code   RO           41    i.MX_DMA_Init       dma.o
    0x08006110   0x00000194   Code   RO          420    i.MX_GPIO_Init      main.o
    0x080062a4   0x0000004c   Code   RO          180    i.MX_IWDG_Init      iwdg.o
    0x080062f0   0x00000054   Code   RO           35    i.MX_KEY_Init       key.o
    0x08006344   0x00000050   Code   RO           16    i.MX_LED_Init       led.o
    0x08006394   0x0000005c   Code   RO          456    i.MX_LWIP_Init      lwip.o
    0x080063f0   0x00000014   Code   RO          457    i.MX_LWIP_Process   lwip.o
    0x08006404   0x0000011c   Code   RO          210    i.MX_RTC_Init       rtc.o
    0x08006520   0x00000070   Code   RO           94    i.MX_SPI4_Init      spi4.o
    0x08006590   0x00000060   Code   RO          534    i.MX_TIM3_Init      pollint.o
    0x080065f0   0x00000070   Code   RO          224    i.MX_UART4_Init     uart4.o
    0x08006660   0x00000078   Code   RO          235    i.MX_USART2_UART_Init  uart2.o
    0x080066d8   0x00000078   Code   RO          141    i.MX_USART3_UART_Init  uart3.o
    0x08006750   0x00000002   Code   RO          505    i.MemManage_Handler  stm32f7xx_it.o
    0x08006752   0x00000002   PAD
    0x08006754   0x000000a4   Code   RO          577    i.ModeKey           power.o
    0x080067f8   0x00000002   Code   RO          506    i.NMI_Handler       stm32f7xx_it.o
    0x080067fa   0x00000022   Code   RO         1305    i.NVIC_SetPriority  stm32f7xx_hal_cortex.o
    0x0800681c   0x0000003c   Code   RO          186    i.OLED_Clear        oled.o
    0x08006858   0x00000158   Code   RO          190    i.OLED_Init         oled.o
    0x080069b0   0x0000002c   Code   RO          191    i.OLED_Set_Pos      oled.o
    0x080069dc   0x00000120   Code   RO          193    i.OLED_ShowChar     oled.o
    0x08006afc   0x00000120   Code   RO          194    i.OLED_ShowChar_2   oled.o
    0x08006c1c   0x00000040   Code   RO          196    i.OLED_ShowString   oled.o
    0x08006c5c   0x00000036   Code   RO          197    i.OLED_ShowString_2  oled.o
    0x08006c92   0x00000002   PAD
    0x08006c94   0x00000084   Code   RO          198    i.OLED_WR_Byte      oled.o
    0x08006d18   0x00000084   Code   RO          199    i.OLED_WR_Byte2     oled.o
    0x08006d9c   0x000000e4   Code   RO          252    i.Page0_piece1_Dynamic_Display  main_meau.o
    0x08006e80   0x00000088   Code   RO          254    i.Page0_piece2_Dynamic_Display  main_meau.o
    0x08006f08   0x00000298   Code   RO          255    i.Page0_piece3_Dynamic_Display  main_meau.o
    0x080071a0   0x000000c8   Code   RO          256    i.Page0_piece3_Static_Display  main_meau.o
    0x08007268   0x000000a8   Code   RO          257    i.Page0_piece4_Dynamic_Display  main_meau.o
    0x08007310   0x00000048   Code   RO          258    i.Page0_piece4_Static_Display  main_meau.o
    0x08007358   0x00000090   Code   RO          535    i.Pollint100mSec    pollint.o
    0x080073e8   0x00000054   Code   RO          259    i.Pollint_Display_Main_menu  main_meau.o
    0x0800743c   0x00000070   Code   RO           95    i.Power_On_Read_Reg_Once  spi4.o
    0x080074ac   0x00000012   Code   RO          567    i.PushEvt_EvtPar    eventmanage.o
    0x080074be   0x00000006   Code   RO          568    i.PushEvt_OnlyEvt   eventmanage.o
    0x080074c4   0x00000012   Code   RO         1656    i.RTC_Bcd2ToByte    stm32f7xx_hal_rtc.o
    0x080074d6   0x00000016   Code   RO         1657    i.RTC_ByteToBcd2    stm32f7xx_hal_rtc.o
    0x080074ec   0x0000003a   Code   RO         1658    i.RTC_EnterInitMode  stm32f7xx_hal_rtc.o
    0x08007526   0x00000002   PAD
    0x08007528   0x00000048   Code   RO          181    i.ReStart           iwdg.o
    0x08007570   0x00000008   Code   RO          569    i.ReadEvent         eventmanage.o
    0x08007578   0x000002a8   Code   RO          287    i.ReadFlash2Arr     meau_flash.o
    0x08007820   0x00000034   Code   RO          435    i.Read_Eth_Link_Status  ethernetif.o
    0x08007854   0x00000058   Code   RO          288    i.Read_Flash_IP_MAC  meau_flash.o
    0x080078ac   0x00000004   Code   RO          334    i.Restart_Action    meau_system_list.o
    0x080078b0   0x0000000e   Code   RO          335    i.Restore_Action    meau_system_list.o
    0x080078be   0x00000002   PAD
    0x080078c0   0x00000014   Code   RO          289    i.Restore_Flash     meau_flash.o
    0x080078d4   0x00000024   Code   RO           96    i.Retry_SPI4        spi4.o
    0x080078f8   0x0000000c   Code   RO          507    i.SPI1_IRQHandler   stm32f7xx_it.o
    0x08007904   0x00000002   Code   RO           67    i.SPI1_RxCpltCallback  spi1.o
    0x08007906   0x00000002   PAD
    0x08007908   0x00000034   Code   RO           70    i.SPI1_TxCpltCallback  spi1.o
    0x0800793c   0x00000024   Code   RO           71    i.SPI1_TxRxCpltCallback  spi1.o
    0x08007960   0x0000000c   Code   RO          508    i.SPI4_IRQHandler   stm32f7xx_it.o
    0x0800796c   0x0000012c   Code   RO           97    i.SPI4_TxRxCpltCallback  spi4.o
    0x08007a98   0x00000028   Code   RO          122    i.SPI5_DealTSDat    spi5.o
    0x08007ac0   0x0000000c   Code   RO          509    i.SPI5_IRQHandler   stm32f7xx_it.o
    0x08007acc   0x00000020   Code   RO          124    i.SPI5_RxCpltCallback  spi5.o
    0x08007aec   0x00000014   Code   RO          126    i.SPI5_TxCpltCallback  spi5.o
    0x08007b00   0x0000003c   Code   RO          127    i.SPI5_TxRxCpltCallback  spi5.o
    0x08007b3c   0x00000036   Code   RO         1574    i.SPI_2linesRxISR_16BIT  stm32f7xx_hal_spi.o
    0x08007b72   0x00000064   Code   RO         1575    i.SPI_2linesRxISR_8BIT  stm32f7xx_hal_spi.o
    0x08007bd6   0x00000032   Code   RO         1576    i.SPI_2linesTxISR_16BIT  stm32f7xx_hal_spi.o
    0x08007c08   0x00000046   Code   RO         1577    i.SPI_2linesTxISR_8BIT  stm32f7xx_hal_spi.o
    0x08007c4e   0x00000052   Code   RO         1580    i.SPI_CloseRxTx_ISR  stm32f7xx_hal_spi.o
    0x08007ca0   0x00000040   Code   RO         1581    i.SPI_CloseRx_ISR   stm32f7xx_hal_spi.o
    0x08007ce0   0x0000004c   Code   RO         1582    i.SPI_CloseTx_ISR   stm32f7xx_hal_spi.o
    0x08007d2c   0x00000012   Code   RO         1583    i.SPI_DMAAbortOnError  stm32f7xx_hal_spi.o
    0x08007d3e   0x00000022   Code   RO         1584    i.SPI_DMAError      stm32f7xx_hal_spi.o
    0x08007d60   0x0000000a   Code   RO         1586    i.SPI_DMAHalfTransmitCplt  stm32f7xx_hal_spi.o
    0x08007d6a   0x00000064   Code   RO         1590    i.SPI_DMATransmitCplt  stm32f7xx_hal_spi.o
    0x08007dce   0x00000074   Code   RO         1593    i.SPI_EndRxTransaction  stm32f7xx_hal_spi.o
    0x08007e42   0x00000048   Code   RO         1594    i.SPI_EndRxTxTransaction  stm32f7xx_hal_spi.o
    0x08007e8a   0x00000026   Code   RO         1595    i.SPI_RxISR_16BIT   stm32f7xx_hal_spi.o
    0x08007eb0   0x00000024   Code   RO         1596    i.SPI_RxISR_8BIT    stm32f7xx_hal_spi.o
    0x08007ed4   0x00000020   Code   RO         1597    i.SPI_TxISR_16BIT   stm32f7xx_hal_spi.o
    0x08007ef4   0x0000001e   Code   RO         1598    i.SPI_TxISR_8BIT    stm32f7xx_hal_spi.o
    0x08007f12   0x000000a0   Code   RO         1599    i.SPI_WaitFifoStateUntilTimeout  stm32f7xx_hal_spi.o
    0x08007fb2   0x0000008c   Code   RO         1600    i.SPI_WaitFlagStateUntilTimeout  stm32f7xx_hal_spi.o
    0x0800803e   0x00000002   PAD
    0x08008040   0x00000088   Code   RO           98    i.Send_ClockSync_Mode  spi4.o
    0x080080c8   0x0000004c   Code   RO          167    i.Send_Dirft        gps_pps.o
    0x08008114   0x00000088   Code   RO          100    i.Send_Format_2_0x05  spi4.o
    0x0800819c   0x00000088   Code   RO          101    i.Send_Format_2_0x11  spi4.o
    0x08008224   0x00000084   Code   RO          102    i.Send_GPS_Dirft    spi4.o
    0x080082a8   0x00000088   Code   RO          104    i.Send_GPS_Sec_Pulse  spi4.o
    0x08008330   0x00000034   Code   RO          168    i.Send_GPS_info     gps_pps.o
    0x08008364   0x00000088   Code   RO          105    i.Send_Src_Mode     spi4.o
    0x080083ec   0x00000088   Code   RO          106    i.Send_SyncFrame_Mode  spi4.o
    0x08008474   0x00000088   Code   RO          107    i.Send_SyncType_Mode  spi4.o
    0x080084fc   0x0000008c   Code   RO          108    i.Send_Test_Pattern  spi4.o
    0x08008588   0x00000090   Code   RO          109    i.Send_To_Fpga      spi4.o
    0x08008618   0x00000058   Code   RO          290    i.Send_User_Data    meau_flash.o
    0x08008670   0x00000010   Code   RO          611    i.SetSwitchFlag     mboot.o
    0x08008680   0x0000000c   Code   RO          579    i.SetWorkMode       power.o
    0x0800868c   0x00000028   Code   RO          291    i.Set_Config_Display_mode  meau_flash.o
    0x080086b4   0x00000028   Code   RO          292    i.Set_Config_Format  meau_flash.o
    0x080086dc   0x00000028   Code   RO          293    i.Set_Config_SRC_clocktype  meau_flash.o
    0x08008704   0x00000028   Code   RO          294    i.Set_Config_SRC_syncframe  meau_flash.o
    0x0800872c   0x00000028   Code   RO          295    i.Set_Config_SRC_synctype  meau_flash.o
    0x08008754   0x00000028   Code   RO          296    i.Set_Config_Video_Input  meau_flash.o
    0x0800877c   0x00000028   Code   RO          297    i.Set_Config_Video_Output  meau_flash.o
    0x080087a4   0x0000000c   Code   RO          347    i.Set_Display_Once_Flag  menu.o
    0x080087b0   0x00000010   Code   RO          348    i.Set_Exit          menu.o
    0x080087c0   0x00000248   Code   RO          298    i.Set_FPGA_Reg_Config  meau_flash.o
    0x08008a08   0x00000014   Code   RO          260    i.Set_Key_Feature   main_meau.o
    0x08008a1c   0x00000018   Code   RO          110    i.Set_NSS_Status    spi4.o
    0x08008a34   0x00000014   Code   RO          111    i.Set_Retry_SPI4    spi4.o
    0x08008a48   0x00000024   Code   RO          299    i.Set_SRC_MODE      meau_flash.o
    0x08008a6c   0x00000014   Code   RO          169    i.Set_Send_Dirft_Flag  gps_pps.o
    0x08008a80   0x00000018   Code   RO          170    i.Set_Send_Sec_Plus  gps_pps.o
    0x08008a98   0x0000002c   Code   RO          300    i.Set_Status        meau_flash.o
    0x08008ac4   0x00000014   Code   RO          302    i.Set_Update_Flash_Flag  meau_flash.o
    0x08008ad8   0x00000030   Code   RO          349    i.Set_button_num    menu.o
    0x08008b08   0x0000000c   Code   RO          261    i.Set_cnt_down      main_meau.o
    0x08008b14   0x00000014   Code   RO          262    i.Set_vid_link_flag  main_meau.o
    0x08008b28   0x00000020   Code   RO          392    i.Status_PrintCallback  menu_items.o
    0x08008b48   0x00000038   Code   RO          393    i.Status_PrintCallbackRender  menu_items.o
    0x08008b80   0x00000020   Code   RO          394    i.Status_Synch_PrintCallback  menu_items.o
    0x08008ba0   0x00000048   Code   RO          395    i.Status_Synch_PrintCallbackRender  menu_items.o
    0x08008be8   0x00000012   Code   RO          510    i.SysTick_Handler   stm32f7xx_it.o
    0x08008bfa   0x00000002   PAD
    0x08008bfc   0x00000108   Code   RO          421    i.SystemClock_Config  main.o
    0x08008d04   0x00000054   Code   RO          520    i.SystemInit        system_stm32f7xx.o
    0x08008d58   0x00000020   Code   RO          396    i.System_UniversalCallback  menu_items.o
    0x08008d78   0x00000038   Code   RO          397    i.System_UniversalCallbackRender  menu_items.o
    0x08008db0   0x00000014   Code   RO          511    i.TIM3_IRQHandler   stm32f7xx_it.o
    0x08008dc4   0x000000cc   Code   RO         1438    i.TIM_Base_SetConfig  stm32f7xx_hal_tim.o
    0x08008e90   0x0000007c   Code   RO          112    i.Test_Send_To_Fpga  spi4.o
    0x08008f0c   0x0000000c   Code   RO          536    i.Timer3_irq_fun    pollint.o
    0x08008f18   0x00000010   Code   RO          537    i.TimerTickNproc    pollint.o
    0x08008f28   0x00000008   Code   RO          546    i.U16_To_HexBuf     udp_api.o
    0x08008f30   0x00000048   Code   RO          225    i.UART4_GetRxBufDat  uart4.o
    0x08008f78   0x00000018   Code   RO          512    i.UART4_IRQHandler  stm32f7xx_it.o
    0x08008f90   0x00000012   Code   RO          226    i.UART4_IRQ_Deal    uart4.o
    0x08008fa2   0x00000002   PAD
    0x08008fa4   0x0000002c   Code   RO          227    i.UART4_RX_Deal     uart4.o
    0x08008fd0   0x000000c8   Code   RO         1529    i.UART_AdvFeatureConfig  stm32f7xx_hal_uart.o
    0x08009098   0x00000040   Code   RO         1530    i.UART_CheckIdleState  stm32f7xx_hal_uart.o
    0x080090d8   0x00000014   Code   RO         1531    i.UART_DMAAbortOnError  stm32f7xx_hal_uart.o
    0x080090ec   0x0000001c   Code   RO         1537    i.UART_EndRxTransfer  stm32f7xx_hal_uart.o
    0x08009108   0x00000078   Code   RO         1539    i.UART_Receive_IT   stm32f7xx_hal_uart.o
    0x08009180   0x00000258   Code   RO         1540    i.UART_SetConfig    stm32f7xx_hal_uart.o
    0x080093d8   0x00000064   Code   RO         1541    i.UART_WaitOnFlagUntilTimeout  stm32f7xx_hal_uart.o
    0x0800943c   0x00000050   Code   RO          236    i.USART2_GetRxBufDat  uart2.o
    0x0800948c   0x0000000c   Code   RO          513    i.USART2_IRQHandler  stm32f7xx_it.o
    0x08009498   0x0000006c   Code   RO          238    i.USART2_Putchar    uart2.o
    0x08009504   0x0000002c   Code   RO          240    i.USART2_Rx_Deal    uart2.o
    0x08009530   0x00000034   Code   RO          241    i.USART2_Tx_Deal    uart2.o
    0x08009564   0x000000cc   Code   RO          142    i.USART3_CheckSerial  uart3.o
    0x08009630   0x00000014   Code   RO          514    i.USART3_IRQHandler  stm32f7xx_it.o
    0x08009644   0x00000002   Code   RO          143    i.USART3_IRQ_Deal   uart3.o
    0x08009646   0x00000002   PAD
    0x08009648   0x00000044   Code   RO          145    i.USART3_Putchar    uart3.o
    0x0800968c   0x00000024   Code   RO          146    i.USART3_RxReaddy   uart3.o
    0x080096b0   0x00000024   Code   RO          336    i.Update_Action     meau_system_list.o
    0x080096d4   0x00000124   Code   RO          303    i.Update_Flash_Arr  meau_flash.o
    0x080097f8   0x000000e0   Code   RO          304    i.Update_User_Arr   meau_flash.o
    0x080098d8   0x00000002   Code   RO          515    i.UsageFault_Handler  stm32f7xx_it.o
    0x080098da   0x00000002   PAD
    0x080098dc   0x00000018   Code   RO           18    i.UserLEDR          led.o
    0x080098f4   0x00000100   Code   RO          305    i.Write2Flash       meau_flash.o
    0x080099f4   0x00000008   Code   RO          570    i.WriteEvent        eventmanage.o
    0x080099fc   0x000000a4   Code   RO          337    i._0x_to_char       meau_system_list.o
    0x08009aa0   0x00000020   Code   RO          422    i._Error_Handler    main.o
    0x08009ac0   0x00000020   Code   RO         1983    i.__0printf$8       mc_w.l(printf8.o)
    0x08009ae0   0x0000000e   Code   RO         2039    i.__scatterload_copy  mc_w.l(handlers.o)
    0x08009aee   0x00000002   Code   RO         2040    i.__scatterload_null  mc_w.l(handlers.o)
    0x08009af0   0x0000000e   Code   RO         2041    i.__scatterload_zeroinit  mc_w.l(handlers.o)
    0x08009afe   0x00000002   PAD
    0x08009b00   0x00000410   Code   RO         1990    i._printf_core      mc_w.l(printf8.o)
    0x08009f10   0x00000024   Code   RO         1991    i._printf_post_padding  mc_w.l(printf8.o)
    0x08009f34   0x0000002e   Code   RO         1992    i._printf_pre_padding  mc_w.l(printf8.o)
    0x08009f62   0x00000002   PAD
    0x08009f64   0x00000010   Code   RO          547    i.ap_udp_set_mac    udp_api.o
    0x08009f74   0x00000058   Code   RO          589    i.config_CheckStatus  config_env.o
    0x08009fcc   0x00000034   Code   RO          590    i.config_env_init   config_env.o
    0x0800a000   0x00000010   Code   RO          171    i.cpuclk_cnt_add    gps_pps.o
    0x0800a010   0x0000001c   Code   RO          148    i.crc_accumulate    uart3.o
    0x0800a02c   0x0000001c   Code   RO          798    i.cyclic_timer      timeouts.o
    0x0800a048   0x0000001a   Code   RO          657    i.delay_ms          delay.o
    0x0800a062   0x00000002   PAD
    0x0800a064   0x00000034   Code   RO          658    i.delay_us          delay.o
    0x0800a098   0x0000001c   Code   RO          539    i.delayms_Lock      pollint.o
    0x0800a0b4   0x0000000c   Code   RO         1005    i.do_memp_free_pool  memp.o
    0x0800a0c0   0x0000000e   Code   RO         1006    i.do_memp_malloc_pool  memp.o
    0x0800a0ce   0x00000002   PAD
    0x0800a0d0   0x0000004c   Code   RO          436    i.eth_irq_input     ethernetif.o
    0x0800a11c   0x0000006c   Code   RO          548    i.eth_send          udp_api.o
    0x0800a188   0x00000030   Code   RO          846    i.etharp_cleanup_netif  etharp.o
    0x0800a1b8   0x000000dc   Code   RO          848    i.etharp_find_entry  etharp.o
    0x0800a294   0x00000038   Code   RO          849    i.etharp_free_entry  etharp.o
    0x0800a2cc   0x0000008a   Code   RO          851    i.etharp_input      etharp.o
    0x0800a356   0x00000002   PAD
    0x0800a358   0x000000e8   Code   RO          852    i.etharp_output     etharp.o
    0x0800a440   0x00000060   Code   RO          853    i.etharp_output_to_arp_index  etharp.o
    0x0800a4a0   0x000000f0   Code   RO          854    i.etharp_query      etharp.o
    0x0800a590   0x00000088   Code   RO          855    i.etharp_raw        etharp.o
    0x0800a618   0x0000000c   Code   RO          856    i.etharp_request    etharp.o
    0x0800a624   0x00000020   Code   RO          857    i.etharp_request_dst  etharp.o
    0x0800a644   0x00000060   Code   RO          858    i.etharp_tmr        etharp.o
    0x0800a6a4   0x00000088   Code   RO          859    i.etharp_update_arp_entry  etharp.o
    0x0800a72c   0x000000a0   Code   RO          813    i.ethernet_input    ethernet.o
    0x0800a7cc   0x0000004a   Code   RO          814    i.ethernet_output   ethernet.o
    0x0800a816   0x00000002   PAD
    0x0800a818   0x00000040   Code   RO          437    i.ethernetif_init   ethernetif.o
    0x0800a858   0x00000022   Code   RO          438    i.ethernetif_input  ethernetif.o
    0x0800a87a   0x00000002   PAD
    0x0800a87c   0x00000010   Code   RO          439    i.ethernetif_mac_conf  ethernetif.o
    0x0800a88c   0x00000038   Code   RO          459    i.ethernetif_notify_conn_changed  lwip.o
    0x0800a8c4   0x000000b0   Code   RO          442    i.ethernetif_update_config  ethernetif.o
    0x0800a974   0x0000000c   Code   RO          149    i.fputc             uart3.o
    0x0800a980   0x0000000c   Code   RO          461    i.get_Lwip_port     lwip.o
    0x0800a98c   0x0000000c   Code   RO          821    i.get_ip_id         ip4.o
    0x0800a998   0x0000000c   Code   RO          463    i.get_remoteLwip_port  lwip.o
    0x0800a9a4   0x0000000c   Code   RO          464    i.get_remoteLwip_udp_link  lwip.o
    0x0800a9b0   0x00000018   Code   RO          338    i.hw_0x_to_char     meau_system_list.o
    0x0800a9c8   0x0000002e   Code   RO          865    i.ip4_addr_isbroadcast_u32  ip4_addr.o
    0x0800a9f6   0x00000002   PAD
    0x0800a9f8   0x00000158   Code   RO          822    i.ip4_input         ip4.o
    0x0800ab50   0x000001b4   Code   RO          943    i.ip4_reass         ip4_frag.o
    0x0800ad04   0x00000034   Code   RO          398    i.ip_int_to_char    menu_items.o
    0x0800ad38   0x00000050   Code   RO          399    i.ip_mac_char       menu_items.o
    0x0800ad88   0x00000108   Code   RO          945    i.ip_reass_chain_frag_into_datagram_and_validate  ip4_frag.o
    0x0800ae90   0x00000024   Code   RO          946    i.ip_reass_dequeue_datagram  ip4_frag.o
    0x0800aeb4   0x00000044   Code   RO          947    i.ip_reass_free_complete_datagram  ip4_frag.o
    0x0800aef8   0x00000080   Code   RO          948    i.ip_reass_remove_oldest_datagram  ip4_frag.o
    0x0800af78   0x0000002c   Code   RO          949    i.ip_reass_tmr      ip4_frag.o
    0x0800afa4   0x00000090   Code   RO           36    i.key_Scan          key.o
    0x0800b034   0x0000007c   Code   RO          597    i.load_Factory_ipPar  config_env.o
    0x0800b0b0   0x00000174   Code   RO          443    i.low_level_init    ethernetif.o
    0x0800b224   0x000000c4   Code   RO          444    i.low_level_input   ethernetif.o
    0x0800b2e8   0x000000b0   Code   RO          445    i.low_level_output  ethernetif.o
    0x0800b398   0x00000004   Code   RO          992    i.lwip_htons        def.o
    0x0800b39c   0x0000001a   Code   RO          932    i.lwip_init         init.o
    0x0800b3b6   0x00000002   PAD
    0x0800b3b8   0x000000a0   Code   RO          423    i.main              main.o
    0x0800b458   0x0000002c   Code   RO          761    i.mem_free          mem.o
    0x0800b484   0x00000034   Code   RO          762    i.mem_init          mem.o
    0x0800b4b8   0x000000a8   Code   RO          763    i.mem_malloc        mem.o
    0x0800b560   0x000000d4   Code   RO          764    i.mem_trim          mem.o
    0x0800b634   0x00000018   Code   RO         1007    i.memp_free         memp.o
    0x0800b64c   0x00000020   Code   RO         1009    i.memp_init         memp.o
    0x0800b66c   0x0000002a   Code   RO         1010    i.memp_init_pool    memp.o
    0x0800b696   0x00000002   PAD
    0x0800b698   0x00000018   Code   RO         1011    i.memp_malloc       memp.o
    0x0800b6b0   0x0000000e   Code   RO          350    i.menuInit          menu.o
    0x0800b6be   0x00000002   PAD
    0x0800b6c0   0x00000008   Code   RO          400    i.menuItemsGetHomeMenu  menu_items.o
    0x0800b6c8   0x00000004   Code   RO          401    i.menuItemsGetHomeMenuSize  menu_items.o
    0x0800b6cc   0x00000080   Code   RO          351    i.menuPollButtons   menu.o
    0x0800b74c   0x0000001c   Code   RO          352    i.menuReset         menu.o
    0x0800b768   0x00000010   Code   RO          353    i.menuReset_No_RenderMenu  menu.o
    0x0800b778   0x00000028   Code   RO          402    i.my_mac_int_to_char  menu_items.o
    0x0800b7a0   0x00000054   Code   RO          883    i.netif_add         netif.o
    0x0800b7f4   0x00000002   Code   RO          885    i.netif_init        netif.o
    0x0800b7f6   0x0000001a   Code   RO          887    i.netif_issue_reports  netif.o
    0x0800b810   0x00000048   Code   RO          889    i.netif_set_addr    netif.o
    0x0800b858   0x0000000c   Code   RO          890    i.netif_set_default  netif.o
    0x0800b864   0x0000001a   Code   RO          891    i.netif_set_down    netif.o
    0x0800b87e   0x00000008   Code   RO          892    i.netif_set_gw      netif.o
    0x0800b886   0x00000002   PAD
    0x0800b888   0x00000038   Code   RO          893    i.netif_set_ipaddr  netif.o
    0x0800b8c0   0x00000008   Code   RO          894    i.netif_set_link_callback  netif.o
    0x0800b8c8   0x00000008   Code   RO          897    i.netif_set_netmask  netif.o
    0x0800b8d0   0x0000001c   Code   RO          898    i.netif_set_up      netif.o
    0x0800b8ec   0x000000fc   Code   RO          228    i.parseGpsBuffer    uart4.o
    0x0800b9e8   0x00000118   Code   RO          699    i.pbuf_alloc        pbuf.o
    0x0800bb00   0x00000028   Code   RO          701    i.pbuf_cat          pbuf.o
    0x0800bb28   0x00000012   Code   RO          703    i.pbuf_clen         pbuf.o
    0x0800bb3a   0x0000009a   Code   RO          705    i.pbuf_copy         pbuf.o
    0x0800bbd4   0x00000052   Code   RO          708    i.pbuf_free         pbuf.o
    0x0800bc26   0x00000006   Code   RO          710    i.pbuf_header       pbuf.o
    0x0800bc2c   0x00000064   Code   RO          712    i.pbuf_header_impl  pbuf.o
    0x0800bc90   0x00000054   Code   RO          716    i.pbuf_realloc      pbuf.o
    0x0800bce4   0x0000000c   Code   RO          717    i.pbuf_ref          pbuf.o
    0x0800bcf0   0x00000054   Code   RO          765    i.plug_holes        mem.o
    0x0800bd44   0x00000078   Code   RO          540    i.pollint           pollint.o
    0x0800bdbc   0x00000014   Code   RO          541    i.pollintTim3       pollint.o
    0x0800bdd0   0x0000004a   Code   RO          229    i.pollint_GPS       uart4.o
    0x0800be1a   0x0000001e   Code   RO          318    i.pollint_Reg_0x82  meau_status_list.o
    0x0800be38   0x00000010   Code   RO          319    i.pollint_Reg_0x83  meau_status_list.o
    0x0800be48   0x00000024   Code   RO          320    i.pollint_Reg_0x84  meau_status_list.o
    0x0800be6c   0x0000001c   Code   RO          321    i.pollint_Reg_0x87  meau_status_list.o
    0x0800be88   0x00000010   Code   RO          322    i.pollint_Reg_0x8d  meau_status_list.o
    0x0800be98   0x00000048   Code   RO          446    i.pollint_eth_send  ethernetif.o
    0x0800bee0   0x00000050   Code   RO          242    i.pollint_spi_transmit  uart2.o
    0x0800bf30   0x00000024   Code   RO          580    i.powerReset        power.o
    0x0800bf54   0x00000048   Code   RO          466    i.remoteLwip_Par_conf  lwip.o
    0x0800bf9c   0x00000044   Code   RO          467    i.remoteLwip_mac_conf  lwip.o
    0x0800bfe0   0x000000c0   Code   RO          354    i.renderMenu        menu.o
    0x0800c0a0   0x00000010   Code   RO          355    i.resetState        menu.o
    0x0800c0b0   0x0000000c   Code   RO          325    i.return_Reg_0x8d_num  meau_status_list.o
    0x0800c0bc   0x000000ac   Code   RO           26    i.romflash_clean_pages  romflash.o
    0x0800c168   0x00000012   Code   RO           27    i.romflash_dual_mode  romflash.o
    0x0800c17a   0x00000002   PAD
    0x0800c17c   0x00000018   Code   RO           28    i.romflash_pages_read  romflash.o
    0x0800c194   0x00000078   Code   RO           29    i.romflash_pages_write  romflash.o
    0x0800c20c   0x00000120   Code   RO          356    i.scrollMenu        menu.o
    0x0800c32c   0x0000000e   Code   RO          357    i.setState          menu.o
    0x0800c33a   0x00000002   PAD
    0x0800c33c   0x0000001c   Code   RO          264    i.set_blink_flag    main_meau.o
    0x0800c358   0x00000014   Code   RO          468    i.set_remoteLwip_udp_link  lwip.o
    0x0800c36c   0x00000048   Code   RO          799    i.sys_check_timeouts  timeouts.o
    0x0800c3b4   0x00000004   Code   RO          448    i.sys_now           ethernetif.o
    0x0800c3b8   0x00000090   Code   RO          801    i.sys_timeout       timeouts.o
    0x0800c448   0x00000034   Code   RO          802    i.sys_timeouts_init  timeouts.o
    0x0800c47c   0x00000060   Code   RO          627    i.tsMux_init        tsmux.o
    0x0800c4dc   0x000000b8   Code   RO          672    i.udp_bind          udp.o
    0x0800c594   0x00000050   Code   RO          673    i.udp_connect       udp.o
    0x0800c5e4   0x000000d0   Code   RO          552    i.udp_echoclient_connect  udp_api.o
    0x0800c6b4   0x00000014   Code   RO          554    i.udp_echoserver_receive_callback  udp_api.o
    0x0800c6c8   0x00000002   Code   RO          675    i.udp_init          udp.o
    0x0800c6ca   0x00000002   PAD
    0x0800c6cc   0x000000fc   Code   RO          676    i.udp_input         udp.o
    0x0800c7c8   0x00000034   Code   RO          677    i.udp_netif_ip_addr_changed  udp.o
    0x0800c7fc   0x0000001a   Code   RO          678    i.udp_new           udp.o
    0x0800c816   0x00000002   PAD
    0x0800c818   0x000000a8   Code   RO          555    i.udp_pack_init     udp_api.o
    0x0800c8c0   0x00000014   Code   RO          556    i.udp_receive_callback  udp_api.o
    0x0800c8d4   0x00000006   Code   RO          680    i.udp_recv          udp.o
    0x0800c8da   0x00000002   PAD
    0x0800c8dc   0x000000b4   Code   RO          449    i.udp_ts_output     ethernetif.o
    0x0800c990   0x00002090   Data   RO          201    .constdata          oled.o
    0x0800ea20   0x000000a0   Data   RO          266    .constdata          main_meau.o
    0x0800eac0   0x000000a0   Data   RO          326    .constdata          meau_status_list.o
    0x0800eb60   0x00000078   Data   RO          340    .constdata          meau_system_list.o
    0x0800ebd8   0x00000010   Data   RO          521    .constdata          system_stm32f7xx.o
    0x0800ebe8   0x00000008   Data   RO          522    .constdata          system_stm32f7xx.o
    0x0800ebf0   0x00000010   Data   RO          805    .constdata          timeouts.o
    0x0800ec00   0x00000006   Data   RO          815    .constdata          ethernet.o
    0x0800ec06   0x00000006   Data   RO          816    .constdata          ethernet.o
    0x0800ec0c   0x00000004   Data   RO          872    .constdata          ip4_addr.o
    0x0800ec10   0x00000010   Data   RO         1019    .constdata          memp.o
    0x0800ec20   0x00000010   Data   RO         1020    .constdata          memp.o
    0x0800ec30   0x00000010   Data   RO         1021    .constdata          memp.o
    0x0800ec40   0x00000010   Data   RO         1022    .constdata          memp.o
    0x0800ec50   0x00000010   Data   RO         1023    .constdata          memp.o
    0x0800ec60   0x00000010   Data   RO         1024    .constdata          memp.o
    0x0800ec70   0x00000018   Data   RO         1025    .constdata          memp.o
    0x0800ec88   0x00000008   Data   RO         1105    .constdata          stm32f7xx_hal_dma.o
    0x0800ec90   0x00000008   Data   RO         1026    .conststring        memp.o
    0x0800ec98   0x0000000a   Data   RO         1027    .conststring        memp.o
    0x0800eca2   0x00000002   PAD
    0x0800eca4   0x0000000a   Data   RO         1028    .conststring        memp.o
    0x0800ecae   0x00000002   PAD
    0x0800ecb0   0x0000000c   Data   RO         1029    .conststring        memp.o
    0x0800ecbc   0x0000000d   Data   RO         1030    .conststring        memp.o
    0x0800ecc9   0x00000003   PAD
    0x0800eccc   0x0000000a   Data   RO         1031    .conststring        memp.o
    0x0800ecd6   0x00000002   PAD
    0x0800ecd8   0x00000020   Data   RO         2037    Region$$Table       anon$$obj.o


    Execution Region RW_IRAM1 (Base: 0x20000000, Size: 0x00013468, Max: 0x00080000, ABSOLUTE, COMPRESSED[0x00004364])

    Base Addr    Size         Type   Attr      Idx    E Section Name        Object

    0x20000000   0x00000001   Data   RW           20    .data               led.o
    0x20000001   0x00000001   PAD
    0x20000002   0x00000009   Data   RW           37    .data               key.o
    0x2000000b   0x000000bf   Data   RW           75    .data               spi1.o
    0x200000ca   0x0000002e   Data   RW          114    .data               spi4.o
    0x200000f8   0x00000002   Data   RW          130    .data               spi5.o
    0x200000fa   0x00000002   PAD
    0x200000fc   0x00000024   Data   RW          173    .data               gps_pps.o
    0x20000120   0x00000008   Data   RW          214    .data               rtc.o
    0x20000128   0x00000001   Data   RW          231    .data               uart4.o
    0x20000129   0x00000001   PAD
    0x2000012a   0x00000004   Data   RW          244    .data               uart2.o
    0x2000012e   0x00000010   Data   RW          267    .data               main_meau.o
    0x2000013e   0x00000044   Data   RW          309    .data               meau_flash.o
    0x20000182   0x00000003   Data   RW          327    .data               meau_status_list.o
    0x20000185   0x00000005   Data   RW          341    .data               meau_system_list.o
    0x2000018a   0x00000002   PAD
    0x2000018c   0x00000080   Data   RW          358    .data               menu.o
    0x2000020c   0x00000d04   Data   RW          403    .data               menu_items.o
    0x20000f10   0x00000078   Data   RW          405    .data               menu_items.o
    0x20000f88   0x00000078   Data   RW          406    .data               menu_items.o
    0x20001000   0x00000078   Data   RW          407    .data               menu_items.o
    0x20001078   0x00000078   Data   RW          408    .data               menu_items.o
    0x200010f0   0x000000c8   Data   RW          409    .data               menu_items.o
    0x200011b8   0x00000078   Data   RW          410    .data               menu_items.o
    0x20001230   0x000000f0   Data   RW          411    .data               menu_items.o
    0x20001320   0x00000140   Data   RW          412    .data               menu_items.o
    0x20001460   0x000000f0   Data   RW          413    .data               menu_items.o
    0x20001550   0x00000012   Data   RW          451    .data               ethernetif.o
    0x20001562   0x00000002   PAD
    0x20001564   0x00000010   Data   RW          474    .data               lwip.o
    0x20001574   0x00000004   Data   RW          523    .data               system_stm32f7xx.o
    0x20001578   0x0000001a   Data   RW          560    .data               udp_api.o
    0x20001592   0x00000002   Data   RW          572    .data               eventmanage.o
    0x20001594   0x00000001   Data   RW          581    .data               power.o
    0x20001595   0x00000003   PAD
    0x20001598   0x0000000c   Data   RW          616    .data               mboot.o
    0x200015a4   0x00003e34   Data   RW          630    .data               tsmux.o
    0x200053d8   0x00000004   Data   RW          659    .data               delay.o
    0x200053dc   0x00000008   Data   RW          686    .data               udp.o
    0x200053e4   0x0000000c   Data   RW          767    .data               mem.o
    0x200053f0   0x00000008   Data   RW          806    .data               timeouts.o
    0x200053f8   0x00000002   Data   RW          827    .data               ip4.o
    0x200053fa   0x00000001   Data   RW          861    .data               etharp.o
    0x200053fb   0x00000001   PAD
    0x200053fc   0x0000000c   Data   RW          899    .data               netif.o
    0x20005408   0x00000008   Data   RW          951    .data               ip4_frag.o
    0x20005410   0x00000004   Data   RW         1032    .data               memp.o
    0x20005414   0x00000004   Data   RW         1033    .data               memp.o
    0x20005418   0x00000004   Data   RW         1034    .data               memp.o
    0x2000541c   0x00000004   Data   RW         1035    .data               memp.o
    0x20005420   0x00000004   Data   RW         1036    .data               memp.o
    0x20005424   0x00000004   Data   RW         1037    .data               memp.o
    0x20005428   0x00000004   Data   RW         1137    .data               stm32f7xx_hal.o
    0x2000542c   0x00000004   Data   RW         2024    .data               mc_w.l(stdout.o)
    0x20005430   0x0000004c   Zero   RW           46    .bss                i2c1.o
    0x2000547c   0x0000004c   Zero   RW           51    .bss                i2c2.o
    0x200054c8   0x0000004c   Zero   RW           56    .bss                i2c3.o
    0x20005514   0x0000004c   Zero   RW           61    .bss                i2c4.o
    0x20005560   0x00000878   Zero   RW           72    .bss                spi1.o
    0x20005dd8   0x00000060   Zero   RW           73    .bss                spi1.o
    0x20005e38   0x00000060   Zero   RW           74    .bss                spi1.o
    0x20005e98   0x00000084   Zero   RW          113    .bss                spi4.o
    0x20005f1c   0x00001078   Zero   RW          129    .bss                spi5.o
    0x20006f94   0x00000488   Zero   RW          150    .bss                uart3.o
    0x2000741c   0x00000400   Zero   RW          172    .bss                gps_pps.o
    0x2000781c   0x00000010   Zero   RW          182    .bss                iwdg.o
    0x2000782c   0x00000038   Zero   RW          213    .bss                rtc.o
    0x20007864   0x000002bc   Zero   RW          230    .bss                uart4.o
    0x20007b20   0x000000ac   Zero   RW          243    .bss                uart2.o
    0x20007bcc   0x000000f0   Zero   RW          265    .bss                main_meau.o
    0x20007cbc   0x00000100   Zero   RW          307    .bss                meau_flash.o
    0x20007dbc   0x0000000a   Zero   RW          339    .bss                meau_system_list.o
    0x20007dc6   0x00000002   PAD
    0x20007dc8   0x000033e8   Zero   RW          450    .bss                ethernetif.o
    0x2000b1b0   0x00000056   Zero   RW          473    .bss                lwip.o
    0x2000b206   0x00000002   PAD
    0x2000b208   0x00000058   Zero   RW          542    .bss                pollint.o
    0x2000b260   0x0000055e   Zero   RW          559    .bss                udp_api.o
    0x2000b7be   0x00000040   Zero   RW          571    .bss                eventmanage.o
    0x2000b7fe   0x00000522   Zero   RW          604    .bss                config_env.o
    0x2000bd20   0x00000190   Zero   RW          629    .bss                tsmux.o
    0x2000beb0   0x00000653   Zero   RW          766    .bss                mem.o
    0x2000c503   0x00000001   PAD
    0x2000c504   0x000000f0   Zero   RW          860    .bss                etharp.o
    0x2000c5f4   0x00000018   Zero   RW         1001    .bss                ip.o
    0x2000c60c   0x00000203   Zero   RW         1013    .bss                memp.o
    0x2000c80f   0x000000a3   Zero   RW         1014    .bss                memp.o
    0x2000c8b2   0x0000016b   Zero   RW         1015    .bss                memp.o
    0x2000ca1d   0x00000023   Zero   RW         1016    .bss                memp.o
    0x2000ca40   0x00000103   Zero   RW         1017    .bss                memp.o
    0x2000cb43   0x00006503   Zero   RW         1018    .bss                memp.o
    0x20013046   0x00000002   PAD
    0x20013048   0x0000001c   Zero   RW         1487    .bss                stm32f7xx_hal_flash.o
    0x20013064   0x00000004   PAD
    0x20013068   0x00000400   Zero   RW            1    STACK               startup_stm32f765xx.o


==============================================================================

Image component sizes


      Code (inc. data)   RO Data    RW Data    ZI Data      Debug   Object Name

       308         22          0          0       1314          0   config_env.o
         4          0          0          0          0          0   def.o
        78          4          0          4          0          0   delay.o
        76          4          0          0          0          0   dma.o
      1442         60          0          1        240          0   etharp.o
       234          6         12          0          0          0   ethernet.o
      1814        322          0         18      13288          0   ethernetif.o
       144          8          0          2         64          0   eventmanage.o
       526         64          0         36       1024          0   gps_pps.o
         0          0          0          0         76          0   i2c1.o
         0          0          0          0         76          0   i2c2.o
         0          0          0          0         76          0   i2c3.o
         0          0          0          0         76          0   i2c4.o
        26          0          0          0          0          0   init.o
         0          0          0          0         24          0   ip.o
       372         20          0          2          0          0   ip4.o
        46          0          4          0          0          0   ip4_addr.o
       976         30          0          8          0          0   ip4_frag.o
       160         72          0          0         16          0   iwdg.o
       456         24          0          9          0          0   key.o
       152         32          0          1          0          0   led.o
       604        116          0         16         86          0   lwip.o
      1062        136          0          0          0          0   main.o
      1800        170        160         16        240          0   main_meau.o
        96         14         32         12          0          0   mboot.o
      3032        382          0         68        256          0   meau_flash.o
      1430        434        160          3          0          0   meau_status_list.o
       530         60        120          5         10          0   meau_system_list.o
       560         30          0         12       1619          0   mem.o
       148         16        183         24      27194          0   memp.o
       772         42          0        128          0          0   menu.o
      4146        854          0       4932          0          0   menu_items.o
       330         14          0         12          0          0   netif.o
      1406         44       8336          0          0          0   oled.o
       776          6          0          0          0          0   pbuf.o
       606        100          0          0         88          0   pollint.o
       224        116          0          1          0          0   power.o
       510        170          0          0          0          0   romflash.o
       364         78          0          8         56          0   rtc.o
        90         12          0        191       2360          0   spi1.o
      2696        772          0         46        132          0   spi4.o
       154         24          0          2       4216          0   spi5.o
       148         34          0          0          0          0   spi_common.o
        36          8        504          0       1024          0   startup_stm32f765xx.o
       112         18          0          4          0          0   stm32f7xx_hal.o
       228         12          0          0          0          0   stm32f7xx_hal_cortex.o
       974         22          8          0          0          0   stm32f7xx_hal_dma.o
      2600        170          0          0          0          0   stm32f7xx_hal_eth.o
       564         80          0          0         28          0   stm32f7xx_hal_flash.o
       432         38          0          0          0          0   stm32f7xx_hal_flash_ex.o
       516         60          0          0          0          0   stm32f7xx_hal_gpio.o
      1354         34          0          0          0          0   stm32f7xx_hal_i2c.o
       106          0          0          0          0          0   stm32f7xx_hal_iwdg.o
       940        130          0          0          0          0   stm32f7xx_hal_msp.o
       108          8          0          0          0          0   stm32f7xx_hal_pwr_ex.o
      1276         74          0          0          0          0   stm32f7xx_hal_rcc.o
      1340         22          0          0          0          0   stm32f7xx_hal_rcc_ex.o
      1362         56          0          0          0          0   stm32f7xx_hal_rtc.o
        20          0          0          0          0          0   stm32f7xx_hal_rtc_ex.o
      2496         52          0          0          0          0   stm32f7xx_hal_spi.o
       672         46          0          0          0          0   stm32f7xx_hal_tim.o
         4          0          0          0          0          0   stm32f7xx_hal_tim_ex.o
      1824         74          0          0          0          0   stm32f7xx_hal_uart.o
       250         86          0          0          0          0   stm32f7xx_it.o
        84         16         24          4          0          0   system_stm32f7xx.o
       296         30         16          8          0          0   timeouts.o
        96         10          0      15924        400          0   tsmux.o
       484         94          0          4        172          0   uart2.o
       854         88          0          0       1160          0   uart3.o
       764         98          0          1        700          0   uart4.o
       602         28          0          8          0          0   udp.o
       548        128          0         26       1374          0   udp_api.o

    ----------------------------------------------------------------------
     49322       5774       9600      21548      57400          0   Object Totals
         0          0         32          0          0          0   (incl. Generated)
        82          0          9         12         11          0   (incl. Padding)

    ----------------------------------------------------------------------

      Code (inc. data)   RO Data    RW Data    ZI Data      Debug   Library Member Name

        94          0          0          0          0          0   __dclz77c.o
         0          0          0          0          0          0   entry.o
         0          0          0          0          0          0   entry10a.o
         0          0          0          0          0          0   entry11a.o
         8          4          0          0          0          0   entry2.o
         4          0          0          0          0          0   entry5.o
         0          0          0          0          0          0   entry7b.o
         0          0          0          0          0          0   entry8b.o
         8          4          0          0          0          0   entry9a.o
        30          0          0          0          0          0   handlers.o
        36          8          0          0          0          0   init.o
        30          0          0          0          0          0   llshl.o
        32          0          0          0          0          0   llushr.o
        26          0          0          0          0          0   memcmp.o
        64          0          0          0          0          0   memmovea.o
        36          0          0          0          0          0   memseta.o
      1154         54          0          0          0          0   printf8.o
         0          0          0          4          0          0   stdout.o
        24          0          0          0          0          0   strcat.o
        14          0          0          0          0          0   strlen.o
        40          0          0          0          0          0   strncat.o
        36          0          0          0          0          0   strstr.o
        98          0          0          0          0          0   uldiv.o

    ----------------------------------------------------------------------
      1742         70          0          4          0          0   Library Totals
         8          0          0          0          0          0   (incl. Padding)

    ----------------------------------------------------------------------

      Code (inc. data)   RO Data    RW Data    ZI Data      Debug   Library Name

      1734         70          0          4          0          0   mc_w.l

    ----------------------------------------------------------------------
      1742         70          0          4          0          0   Library Totals

    ----------------------------------------------------------------------

==============================================================================


      Code (inc. data)   RO Data    RW Data    ZI Data      Debug   

     51064       5844       9600      21552      57400          0   Grand Totals
     51064       5844       9600      17252      57400          0   ELF Image Totals (compressed)
     51064       5844       9600      17252          0          0   ROM Totals

==============================================================================

    Total RO  Size (Code + RO Data)                60664 (  59.24kB)
    Total RW  Size (RW Data + ZI Data)             78952 (  77.10kB)
    Total ROM Size (Code + RO Data + RW Data)      77916 (  76.09kB)

==============================================================================

